2026-05-20 23:58:40.574: [INFO] VisibilityChanged: 0
2026-05-20 23:58:40.609: [INFO] RecordSyncInitDuration has_sync_been_enabled: 0 state: 0
2026-05-20 23:58:40.611: [INFO] RecordSyncInitDuration has_sync_been_enabled: 0 state: 0
2026-05-20 23:58:40.612: [INFO] RecordSyncInitDuration has_sync_been_enabled: 0 state: 0
2026-05-20 23:58:40.614: [INFO] RecordSyncInitDuration has_sync_been_enabled: 0 state: 0
2026-05-20 23:58:40.615: [INFO] RecordSyncInitDuration has_sync_been_enabled: 0 state: 0
2026-05-20 23:58:40.617: [INFO] RecordSyncInitDuration has_sync_been_enabled: 0 state: 0
2026-05-20 23:58:40.619: [INFO] RecordSyncInitDuration has_sync_been_enabled: 0 state: 0
2026-05-20 23:58:40.621: [INFO] RecordSyncInitDuration has_sync_been_enabled: 0 state: 0
2026-05-20 23:58:40.623: [INFO] RecordSyncInitDuration has_sync_been_enabled: 0 state: 0
2026-05-20 23:58:40.624: [INFO] RecordSyncInitDuration has_sync_been_enabled: 0 state: 0
2026-05-20 23:58:40.625: [INFO] RecordSyncInitDuration has_sync_been_enabled: 0 state: 0
2026-05-20 23:58:40.626: [INFO] RecordSyncInitDuration has_sync_been_enabled: 0 state: 0
2026-05-20 23:58:40.636: [INFO] BookmarkModelLoaded, ids_reassigned: 0
2026-05-20 23:58:40.636: [INFO] OnDoneLoading sync enabled: 0
2026-05-20 23:58:40.803: [INFO] RecordSyncInitDuration has_sync_been_enabled: 0 state: 0
2026-05-20 23:58:42.895: [INFO] RecordSyncInitDuration has_sync_been_enabled: 0 state: 0
2026-05-20 23:58:42.902: [INFO] RecordSyncInitDuration has_sync_been_enabled: 0 state: 3
2026-05-20 23:58:42.904: [INFO] Primary account changed.
2026-05-20 23:58:42.904: [INFO] OnPrimaryAccountChanged PrimaryAccountChangeEvent::Type::kSet
2026-05-20 23:58:42.910: [INFO] RecordSyncInitDuration has_sync_been_enabled: 0 state: 3
2026-05-20 23:58:42.923: [INFO] RecordSyncInitDuration has_sync_been_enabled: 0 state: 3
2026-05-20 23:58:44.552: [INFO] BookmarkNodeAdded, ABU: 0
2026-05-20 23:58:44.554: [INFO] BookmarkNodeAdded, ABU: 0
2026-05-20 23:58:44.555: [INFO] BookmarkNodeAdded, ABU: 0
2026-05-20 23:58:45.628: [INFO] BookmarkNodeAdded, ABU: 0
2026-05-20 23:58:45.629: [INFO] BookmarkNodeAdded, ABU: 0
2026-05-20 23:58:45.630: [INFO] BookmarkNodeAdded, ABU: 0
2026-05-20 23:58:45.631: [INFO] BookmarkNodeAdded, ABU: 0
2026-05-20 23:58:45.633: [INFO] BookmarkNodeAdded, ABU: 0
2026-05-20 23:58:45.634: [INFO] BookmarkNodeAdded, ABU: 0
2026-05-20 23:58:45.635: [INFO] BookmarkNodeAdded, ABU: 0
2026-05-20 23:58:45.636: [INFO] BookmarkNodeAdded, ABU: 0
2026-05-20 23:58:45.637: [INFO] BookmarkNodeAdded, ABU: 0
2026-05-20 23:58:45.639: [INFO] BookmarkNodeAdded, ABU: 0
2026-05-20 23:58:45.640: [INFO] BookmarkNodeAdded, ABU: 0
2026-05-20 23:58:45.641: [INFO] BookmarkNodeAdded, ABU: 0
2026-05-20 23:58:45.642: [INFO] BookmarkNodeAdded, ABU: 0
2026-05-20 23:58:45.643: [INFO] BookmarkNodeAdded, ABU: 0
2026-05-20 23:58:45.643: [INFO] BookmarkNodeAdded, ABU: 0
2026-05-20 23:58:45.643: [INFO] BookmarkNodeMoved
2026-05-20 23:58:45.643: [INFO] BookmarkNodeMoved
2026-05-20 23:58:45.643: [INFO] ReorderChildren, Url: 0, IsFolder: 1, IsWorkspace: 0
2026-05-20 23:58:45.643: [INFO] Remove, DeletionOrigin: 19
2026-05-20 23:58:45.645: [INFO] BookmarkNodeRemoved, Url: 0, IsFolder: 1, IsWorkspace: 0
2026-05-20 23:58:45.646: [INFO] BookmarkNodeAdded, ABU: 0
2026-05-20 23:58:45.646: [INFO] Remove, DeletionOrigin: 19
2026-05-20 23:58:45.646: [INFO] BookmarkNodeRemoved, Url: 1, IsFolder: 0, IsWorkspace: 0
2026-05-20 23:58:45.647: [INFO] BookmarkNodeAdded, ABU: 0
2026-05-20 23:58:45.647: [INFO] Remove, DeletionOrigin: 19
2026-05-20 23:58:45.647: [INFO] BookmarkNodeRemoved, Url: 1, IsFolder: 0, IsWorkspace: 0
2026-05-20 23:58:50.937: [INFO] Sync initialization duration: 7876ms
2026-05-21 00:01:22.158: [INFO] VisibilityChanged: 0
2026-05-21 00:01:22.221: [INFO] BookmarkModelLoaded, ids_reassigned: 0
2026-05-21 00:01:22.221: [INFO] OnDoneLoading sync enabled: 1
2026-05-21 00:01:30.175: [INFO] Sync initialization duration: 1000ms
