{"logTime": "0520/235844", "correlationVector":"io0X5PLbCPhG4AIG8LnM+/.1","action":"SyncServerConnectionManagerRequest", "result":"SYNC_SERVER_OK", "context":{"environment":"Prod_eastus2_prod-s01-050-nam-eastus2", "migrationStage":"NotStarted", "server":"akswtt11300000d"}}
{"logTime": "0520/235844", "correlationVector":"io0X5PLbCPhG4AIG8LnM+/.2","action":"ProcessGetUpdates", "result":"Done", "context":{"dataType":"Encryption Keys", "deleted":"0", "process_failed_to_decrypt":"0", "process_pending_decryption":"0", "process_success":"1", "total":"1"}}
{"logTime": "0520/235844", "correlationVector":"HtYysWS2MmfM4T1bnkeeYU","action":"SyncServerConnectionManagerRequest", "result":"SYNC_SERVER_OK", "context":{"environment":"", "migrationStage":"", "server":""}}
{"logTime": "0520/235844", "correlationVector":"HtYysWS2MmfM4T1bnkeeYU.0","action":"EncryptionKeysFetcher.DownloadKeys:", "result":"Success", "context":Key count: 7, Last key timestamp: 2026-05-03T10:32:28Z}
{"logTime": "0520/235844", "correlationVector":"HtYysWS2MmfM4T1bnkeeYU.1","action":"EncryptionKeysManager::SetEncryptionKeys:", "result":"Success", "context":Key names[7]:[bJjDCAhAlij9sb9D5n2VBMHMSOwiXq3OkhUdMqpIKGVugyV7lvs4bfwz9ChpoNkzX3JzwOK/aoYO4x4QZ69tfg==][BENksbM8ZDHVovKZch98YAzwbFQakqao63Fc4AaXjDarFgdMntcY/emyRNg/gPsY+7qeiumtPCZ5RGSgECoSBA==][9B29zUrV53UHPRRV7c/XMTyGb3Frjm7YxmpGXCodYwpM0fRBgezC9JY+9+Yu1x/4ne3LmfsQ5ZaI3kzIJjXpHw==][8p/BcuAN4Uw/K5y5XqxyiTbILqHhYKvz2qnB6SZHrRAZDCkLZorz9Hl9L4LP0FBW4ZVhaZt9jo3AHwer7q4rlQ==][QMw9BUTJxBB8Rg5+gJPdVgepk7/psQjZDqKs3u4/Zo+V04WtvqdFYUAJ2Xwbk9xMapQ01ohf/JrhLeu+MkOxkg==][Mea9X0wVKrUwMhDg4X3TQe6bpzirVnsK/JSFJtoCJTVh8T3Do7HRuOhHRl3BC7B90rMhw+eF8cEvYRWoGJjrhg==][ERS8xFAYoXZQgCJIMFOcpP1zR1lfJW9YZZLDPsPGE9era2E+LtVrbdQU5IMWK0Sq2LY851T8pTvFUHb0TrkqWw==]}
{"logTime": "0520/235844", "correlationVector":"HtYysWS2MmfM4T1bnkeeYU.2","action":"EncryptionKeysManager::SetEncryptionKeysWithTimestamps:", "result":"Success", "context":Key timestamps[7]:[2023-06-06T09:50:26Z][2023-12-23T00:38:52Z][2024-06-21T03:11:51Z][2024-12-22T20:02:47Z][2025-06-22T14:51:00Z][2025-12-21T02:12:35Z][2026-05-03T10:32:28Z]}
{"logTime": "0520/235844", "correlationVector":"io0X5PLbCPhG4AIG8LnM+/","action":"Initial GetUpdates", "result":"", "context":Reason: NEW_CLIENT. cV=io0X5PLbCPhG4AIG8LnM+/}
{"logTime": "0520/235844", "correlationVector":"io0X5PLbCPhG4AIG8LnM+/.3","action":"GetUpdates Response", "result":"Success", "context":Received 1 update(s). cV=io0X5PLbCPhG4AIG8LnM+/.0;server=akswtt11300000d;cloudType=Consumer;environment=Prod_eastus2_prod-s01-050-nam-eastus2;migrationStage=NotStarted}
{"logTime": "0520/235844", "correlationVector":"XKrDHsTZPEhWkluEPVU66W","action":"Initial GetUpdates", "result":"", "context":Reason: NEWLY_SUPPORTED_DATATYPE. cV=XKrDHsTZPEhWkluEPVU66W}
{"logTime": "0520/235845", "correlationVector":"XKrDHsTZPEhWkluEPVU66W.1","action":"SyncServerConnectionManagerRequest", "result":"SYNC_SERVER_OK", "context":{"environment":"Prod_eastus2_prod-s01-050-nam-eastus2", "migrationStage":"NotStarted", "server":"akswtt11300002g"}}
{"logTime": "0520/235845", "correlationVector":"XKrDHsTZPEhWkluEPVU66W.2","action":"ProcessGetUpdates", "result":"Done", "context":{"dataType":"Preferences", "deleted":"0", "process_failed_to_decrypt":"0", "process_pending_decryption":"0", "process_success":"100", "total":"100"}}
{"logTime": "0520/235845", "correlationVector":"XKrDHsTZPEhWkluEPVU66W.3","action":"ProcessGetUpdates", "result":"Done", "context":{"dataType":"Passwords", "deleted":"0", "process_failed_to_decrypt":"0", "process_pending_decryption":"0", "process_success":"26", "total":"26"}}
{"logTime": "0520/235845", "correlationVector":"XKrDHsTZPEhWkluEPVU66W.4","action":"ProcessGetUpdates", "result":"Done", "context":{"dataType":"Device Info", "deleted":"0", "process_failed_to_decrypt":"0", "process_pending_decryption":"0", "process_success":"7", "total":"7"}}
{"logTime": "0520/235845", "correlationVector":"XKrDHsTZPEhWkluEPVU66W.5","action":"GetUpdates Response", "result":"Success", "context":Received 133 update(s). cV=XKrDHsTZPEhWkluEPVU66W.0;server=akswtt11300002g;cloudType=Consumer;environment=Prod_eastus2_prod-s01-050-nam-eastus2;migrationStage=NotStarted}
{"logTime": "0520/235845", "correlationVector":"fGnID/aqlPDWZ8vKMUO2x4","action":"Initial GetUpdates", "result":"", "context":Reason: NEWLY_SUPPORTED_DATATYPE. cV=fGnID/aqlPDWZ8vKMUO2x4}
{"logTime": "0520/235845", "correlationVector":"fGnID/aqlPDWZ8vKMUO2x4.1","action":"SyncServerConnectionManagerRequest", "result":"SYNC_SERVER_OK", "context":{"environment":"Prod_eastus2_prod-s01-050-nam-eastus2", "migrationStage":"NotStarted", "server":"akswtt11300003d"}}
{"logTime": "0520/235845", "correlationVector":"fGnID/aqlPDWZ8vKMUO2x4.2","action":"ProcessGetUpdates", "result":"Done", "context":{"dataType":"Bookmarks", "deleted":"7", "process_failed_to_decrypt":"0", "process_pending_decryption":"0", "process_success":"30", "total":"30"}}
{"logTime": "0520/235845", "correlationVector":"fGnID/aqlPDWZ8vKMUO2x4.3","action":"GetUpdates Response", "result":"Success", "context":Received 30 update(s). cV=fGnID/aqlPDWZ8vKMUO2x4.0;server=akswtt11300003d;cloudType=Consumer;environment=Prod_eastus2_prod-s01-050-nam-eastus2;migrationStage=NotStarted}
{"logTime": "0520/235845", "correlationVector":"dZ0sAEtNaAAO7I1sB8kHXJ","action":"Initial GetUpdates", "result":"", "context":Reason: NEWLY_SUPPORTED_DATATYPE. cV=dZ0sAEtNaAAO7I1sB8kHXJ}
{"logTime": "0520/235846", "correlationVector":"dZ0sAEtNaAAO7I1sB8kHXJ.1","action":"SyncServerConnectionManagerRequest", "result":"SYNC_SERVER_OK", "context":{"environment":"Prod_eastus2_prod-s01-050-nam-eastus2", "migrationStage":"NotStarted", "server":"akswtt113000010"}}
{"logTime": "0520/235846", "correlationVector":"dZ0sAEtNaAAO7I1sB8kHXJ.2","action":"ProcessGetUpdates", "result":"Done", "context":{"dataType":"Autofill", "deleted":"0", "process_failed_to_decrypt":"0", "process_pending_decryption":"0", "process_success":"249", "total":"249"}}
{"logTime": "0520/235846", "correlationVector":"dZ0sAEtNaAAO7I1sB8kHXJ.3","action":"ProcessGetUpdates", "result":"Done", "context":{"dataType":"Extension settings", "deleted":"0", "process_failed_to_decrypt":"0", "process_pending_decryption":"0", "process_success":"1", "total":"1"}}
{"logTime": "0520/235846", "correlationVector":"dZ0sAEtNaAAO7I1sB8kHXJ.4","action":"GetUpdates Response", "result":"Success", "context":Received 250 update(s). cV=dZ0sAEtNaAAO7I1sB8kHXJ.0;server=akswtt113000010;cloudType=Consumer;environment=Prod_eastus2_prod-s01-050-nam-eastus2;migrationStage=NotStarted Some updates remain.}
{"logTime": "0520/235846", "correlationVector":"ialjCL86JVWrucw5KzJiPG","action":"Initial GetUpdates", "result":"", "context":Reason: NEWLY_SUPPORTED_DATATYPE. cV=ialjCL86JVWrucw5KzJiPG}
{"logTime": "0520/235847", "correlationVector":"ialjCL86JVWrucw5KzJiPG.1","action":"SyncServerConnectionManagerRequest", "result":"SYNC_SERVER_OK", "context":{"environment":"Prod_eastus2_prod-s01-050-nam-eastus2", "migrationStage":"NotStarted", "server":"akswtt113000029"}}
{"logTime": "0520/235847", "correlationVector":"ialjCL86JVWrucw5KzJiPG.2","action":"ProcessGetUpdates", "result":"Done", "context":{"dataType":"Autofill", "deleted":"0", "process_failed_to_decrypt":"0", "process_pending_decryption":"0", "process_success":"100", "total":"100"}}
{"logTime": "0520/235847", "correlationVector":"ialjCL86JVWrucw5KzJiPG.3","action":"ProcessGetUpdates", "result":"Done", "context":{"dataType":"Extensions", "deleted":"1", "process_failed_to_decrypt":"0", "process_pending_decryption":"0", "process_success":"1", "total":"1"}}
{"logTime": "0520/235847", "correlationVector":"ialjCL86JVWrucw5KzJiPG.4","action":"ProcessGetUpdates", "result":"Done", "context":{"dataType":"Sessions", "deleted":"128", "process_failed_to_decrypt":"0", "process_pending_decryption":"0", "process_success":"128", "total":"128"}}
{"logTime": "0520/235847", "correlationVector":"ialjCL86JVWrucw5KzJiPG.5","action":"ProcessGetUpdates", "result":"Done", "context":{"dataType":"Extension settings", "deleted":"0", "process_failed_to_decrypt":"0", "process_pending_decryption":"0", "process_success":"21", "total":"21"}}
{"logTime": "0520/235847", "correlationVector":"ialjCL86JVWrucw5KzJiPG.6","action":"GetUpdates Response", "result":"Success", "context":Received 250 update(s). cV=ialjCL86JVWrucw5KzJiPG.0;server=akswtt113000029;cloudType=Consumer;environment=Prod_eastus2_prod-s01-050-nam-eastus2;migrationStage=NotStarted Some updates remain.}
{"logTime": "0520/235847", "correlationVector":"Jvx7+ZDnHE76JkCVMsjKmo","action":"Initial GetUpdates", "result":"", "context":Reason: NEWLY_SUPPORTED_DATATYPE. cV=Jvx7+ZDnHE76JkCVMsjKmo}
{"logTime": "0520/235848", "correlationVector":"Jvx7+ZDnHE76JkCVMsjKmo.1","action":"SyncServerConnectionManagerRequest", "result":"SYNC_SERVER_OK", "context":{"environment":"Prod_eastus2_prod-s01-050-nam-eastus2", "migrationStage":"NotStarted", "server":"akswtt11300002w"}}
{"logTime": "0520/235848", "correlationVector":"Jvx7+ZDnHE76JkCVMsjKmo.2","action":"ProcessGetUpdates", "result":"Done", "context":{"dataType":"Sessions", "deleted":"248", "process_failed_to_decrypt":"0", "process_pending_decryption":"0", "process_success":"248", "total":"248"}}
{"logTime": "0520/235848", "correlationVector":"Jvx7+ZDnHE76JkCVMsjKmo.3","action":"ProcessGetUpdates", "result":"Done", "context":{"dataType":"Extension settings", "deleted":"0", "process_failed_to_decrypt":"0", "process_pending_decryption":"0", "process_success":"1", "total":"1"}}
{"logTime": "0520/235848", "correlationVector":"Jvx7+ZDnHE76JkCVMsjKmo.4","action":"ProcessGetUpdates", "result":"Done", "context":{"dataType":"Edge Hub App Usage", "deleted":"1", "process_failed_to_decrypt":"0", "process_pending_decryption":"0", "process_success":"1", "total":"1"}}
{"logTime": "0520/235848", "correlationVector":"Jvx7+ZDnHE76JkCVMsjKmo.5","action":"GetUpdates Response", "result":"Success", "context":Received 250 update(s). cV=Jvx7+ZDnHE76JkCVMsjKmo.0;server=akswtt11300002w;cloudType=Consumer;environment=Prod_eastus2_prod-s01-050-nam-eastus2;migrationStage=NotStarted Some updates remain.}
{"logTime": "0520/235848", "correlationVector":"AsvtNklBTLsQRsyKKc7Rt0","action":"Initial GetUpdates", "result":"", "context":Reason: NEWLY_SUPPORTED_DATATYPE. cV=AsvtNklBTLsQRsyKKc7Rt0}
{"logTime": "0520/235849", "correlationVector":"AsvtNklBTLsQRsyKKc7Rt0.1","action":"SyncServerConnectionManagerRequest", "result":"SYNC_SERVER_OK", "context":{"environment":"Prod_eastus2_prod-s01-050-nam-eastus2", "migrationStage":"NotStarted", "server":"akswtt11300000d"}}
{"logTime": "0520/235849", "correlationVector":"AsvtNklBTLsQRsyKKc7Rt0.2","action":"ProcessGetUpdates", "result":"Done", "context":{"dataType":"Sessions", "deleted":"244", "process_failed_to_decrypt":"0", "process_pending_decryption":"0", "process_success":"244", "total":"244"}}
{"logTime": "0520/235849", "correlationVector":"AsvtNklBTLsQRsyKKc7Rt0.3","action":"ProcessGetUpdates", "result":"Done", "context":{"dataType":"Extension settings", "deleted":"0", "process_failed_to_decrypt":"0", "process_pending_decryption":"0", "process_success":"1", "total":"1"}}
{"logTime": "0520/235849", "correlationVector":"AsvtNklBTLsQRsyKKc7Rt0.4","action":"ProcessGetUpdates", "result":"Done", "context":{"dataType":"Edge Hub App Usage", "deleted":"4", "process_failed_to_decrypt":"0", "process_pending_decryption":"0", "process_success":"5", "total":"5"}}
{"logTime": "0520/235849", "correlationVector":"AsvtNklBTLsQRsyKKc7Rt0.5","action":"GetUpdates Response", "result":"Success", "context":Received 250 update(s). cV=AsvtNklBTLsQRsyKKc7Rt0.0;server=akswtt11300000d;cloudType=Consumer;environment=Prod_eastus2_prod-s01-050-nam-eastus2;migrationStage=NotStarted Some updates remain.}
{"logTime": "0520/235849", "correlationVector":"sFY3m32mAgkZzTUwo1LtK0","action":"Initial GetUpdates", "result":"", "context":Reason: NEWLY_SUPPORTED_DATATYPE. cV=sFY3m32mAgkZzTUwo1LtK0}
{"logTime": "0520/235849", "correlationVector":"sFY3m32mAgkZzTUwo1LtK0.1","action":"SyncServerConnectionManagerRequest", "result":"SYNC_SERVER_OK", "context":{"environment":"Prod_eastus2_prod-s01-050-nam-eastus2", "migrationStage":"NotStarted", "server":"akswtt11300002a"}}
{"logTime": "0520/235849", "correlationVector":"sFY3m32mAgkZzTUwo1LtK0.2","action":"ProcessGetUpdates", "result":"Done", "context":{"dataType":"Autofill Profiles", "deleted":"0", "process_failed_to_decrypt":"0", "process_pending_decryption":"0", "process_success":"13", "total":"13"}}
{"logTime": "0520/235849", "correlationVector":"sFY3m32mAgkZzTUwo1LtK0.3","action":"ProcessGetUpdates", "result":"Done", "context":{"dataType":"Autofill", "deleted":"0", "process_failed_to_decrypt":"0", "process_pending_decryption":"0", "process_success":"68", "total":"68"}}
{"logTime": "0520/235849", "correlationVector":"sFY3m32mAgkZzTUwo1LtK0.4","action":"ProcessGetUpdates", "result":"Done", "context":{"dataType":"Extensions", "deleted":"0", "process_failed_to_decrypt":"0", "process_pending_decryption":"0", "process_success":"1", "total":"1"}}
{"logTime": "0520/235849", "correlationVector":"sFY3m32mAgkZzTUwo1LtK0.5","action":"ProcessGetUpdates", "result":"Done", "context":{"dataType":"Sessions", "deleted":"167", "process_failed_to_decrypt":"0", "process_pending_decryption":"0", "process_success":"167", "total":"167"}}
{"logTime": "0520/235849", "correlationVector":"sFY3m32mAgkZzTUwo1LtK0.6","action":"ProcessGetUpdates", "result":"Done", "context":{"dataType":"Edge Hub App Usage", "deleted":"0", "process_failed_to_decrypt":"0", "process_pending_decryption":"0", "process_success":"1", "total":"1"}}
{"logTime": "0520/235849", "correlationVector":"sFY3m32mAgkZzTUwo1LtK0.7","action":"GetUpdates Response", "result":"Success", "context":Received 250 update(s). cV=sFY3m32mAgkZzTUwo1LtK0.0;server=akswtt11300002a;cloudType=Consumer;environment=Prod_eastus2_prod-s01-050-nam-eastus2;migrationStage=NotStarted Some updates remain.}
{"logTime": "0520/235849", "correlationVector":"fJG9LSypwmCExERsj9F2Xk","action":"Initial GetUpdates", "result":"", "context":Reason: NEWLY_SUPPORTED_DATATYPE. cV=fJG9LSypwmCExERsj9F2Xk}
{"logTime": "0520/235850", "correlationVector":"fJG9LSypwmCExERsj9F2Xk.1","action":"SyncServerConnectionManagerRequest", "result":"SYNC_SERVER_OK", "context":{"environment":"Prod_eastus2_prod-s01-050-nam-eastus2", "migrationStage":"NotStarted", "server":"akswtt113000028"}}
{"logTime": "0520/235850", "correlationVector":"fJG9LSypwmCExERsj9F2Xk.2","action":"ProcessGetUpdates", "result":"Done", "context":{"dataType":"Autofill", "deleted":"0", "process_failed_to_decrypt":"0", "process_pending_decryption":"0", "process_success":"232", "total":"232"}}
{"logTime": "0520/235850", "correlationVector":"fJG9LSypwmCExERsj9F2Xk.3","action":"ProcessGetUpdates", "result":"Done", "context":{"dataType":"Sessions", "deleted":"8", "process_failed_to_decrypt":"0", "process_pending_decryption":"0", "process_success":"8", "total":"8"}}
{"logTime": "0520/235850", "correlationVector":"fJG9LSypwmCExERsj9F2Xk.4","action":"ProcessGetUpdates", "result":"Done", "context":{"dataType":"History Delete Directives", "deleted":"0", "process_failed_to_decrypt":"0", "process_pending_decryption":"0", "process_success":"10", "total":"10"}}
{"logTime": "0520/235850", "correlationVector":"fJG9LSypwmCExERsj9F2Xk.5","action":"GetUpdates Response", "result":"Success", "context":Received 250 update(s). cV=fJG9LSypwmCExERsj9F2Xk.0;server=akswtt113000028;cloudType=Consumer;environment=Prod_eastus2_prod-s01-050-nam-eastus2;migrationStage=NotStarted Some updates remain.}
{"logTime": "0520/235850", "correlationVector":"Li4LKuTKWHPTRwNgBh+oW1","action":"Initial GetUpdates", "result":"", "context":Reason: NEWLY_SUPPORTED_DATATYPE. cV=Li4LKuTKWHPTRwNgBh+oW1}
{"logTime": "0520/235850", "correlationVector":"Li4LKuTKWHPTRwNgBh+oW1.1","action":"SyncServerConnectionManagerRequest", "result":"SYNC_SERVER_OK", "context":{"environment":"Prod_eastus2_prod-s01-050-nam-eastus2", "migrationStage":"NotStarted", "server":"akswtt11300001b"}}
{"logTime": "0520/235850", "correlationVector":"Li4LKuTKWHPTRwNgBh+oW1.2","action":"ProcessGetUpdates", "result":"Done", "context":{"dataType":"Autofill Profiles", "deleted":"0", "process_failed_to_decrypt":"0", "process_pending_decryption":"0", "process_success":"1", "total":"1"}}
{"logTime": "0520/235850", "correlationVector":"Li4LKuTKWHPTRwNgBh+oW1.3","action":"ProcessGetUpdates", "result":"Done", "context":{"dataType":"Autofill", "deleted":"0", "process_failed_to_decrypt":"0", "process_pending_decryption":"0", "process_success":"11", "total":"11"}}
{"logTime": "0520/235850", "correlationVector":"Li4LKuTKWHPTRwNgBh+oW1.4","action":"ProcessGetUpdates", "result":"Done", "context":{"dataType":"Sessions", "deleted":"235", "process_failed_to_decrypt":"0", "process_pending_decryption":"0", "process_success":"235", "total":"235"}}
{"logTime": "0520/235850", "correlationVector":"Li4LKuTKWHPTRwNgBh+oW1.5","action":"ProcessGetUpdates", "result":"Done", "context":{"dataType":"Edge Hub App Usage", "deleted":"3", "process_failed_to_decrypt":"0", "process_pending_decryption":"0", "process_success":"3", "total":"3"}}
{"logTime": "0520/235850", "correlationVector":"Li4LKuTKWHPTRwNgBh+oW1.6","action":"GetUpdates Response", "result":"Success", "context":Received 250 update(s). cV=Li4LKuTKWHPTRwNgBh+oW1.0;server=akswtt11300001b;cloudType=Consumer;environment=Prod_eastus2_prod-s01-050-nam-eastus2;migrationStage=NotStarted Some updates remain.}
{"logTime": "0520/235850", "correlationVector":"tcJtEjqU0CTY6zF+4U8Xw4","action":"Initial GetUpdates", "result":"", "context":Reason: NEWLY_SUPPORTED_DATATYPE. cV=tcJtEjqU0CTY6zF+4U8Xw4}
{"logTime": "0520/235850", "correlationVector":"tcJtEjqU0CTY6zF+4U8Xw4.1","action":"SyncServerConnectionManagerRequest", "result":"SYNC_SERVER_OK", "context":{"environment":"Prod_eastus2_prod-s01-050-nam-eastus2", "migrationStage":"NotStarted", "server":"akswtt113000038"}}
{"logTime": "0520/235850", "correlationVector":"tcJtEjqU0CTY6zF+4U8Xw4.2","action":"ProcessGetUpdates", "result":"Done", "context":{"dataType":"Extensions", "deleted":"0", "process_failed_to_decrypt":"0", "process_pending_decryption":"0", "process_success":"1", "total":"1"}}
{"logTime": "0520/235850", "correlationVector":"tcJtEjqU0CTY6zF+4U8Xw4.3","action":"ProcessGetUpdates", "result":"Done", "context":{"dataType":"Sessions", "deleted":"53", "process_failed_to_decrypt":"0", "process_pending_decryption":"0", "process_success":"63", "total":"63"}}
{"logTime": "0520/235850", "correlationVector":"tcJtEjqU0CTY6zF+4U8Xw4.4","action":"GetUpdates Response", "result":"Success", "context":Received 64 update(s). cV=tcJtEjqU0CTY6zF+4U8Xw4.0;server=akswtt113000038;cloudType=Consumer;environment=Prod_eastus2_prod-s01-050-nam-eastus2;migrationStage=NotStarted}
{"logTime": "0520/235850", "correlationVector":"mL73yJsTHsYN0GuKCEtJK7","action":"Initial GetUpdates", "result":"", "context":Reason: NEWLY_SUPPORTED_DATATYPE. cV=mL73yJsTHsYN0GuKCEtJK7}
{"logTime": "0520/235852", "correlationVector":"mL73yJsTHsYN0GuKCEtJK7.1","action":"SyncServerConnectionManagerRequest", "result":"SYNC_SERVER_OK", "context":{"environment":"Prod_eastus2_prod-s01-050-nam-eastus2", "migrationStage":"NotStarted", "server":"akswtt11300002a"}}
{"logTime": "0520/235852", "correlationVector":"mL73yJsTHsYN0GuKCEtJK7.2","action":"ProcessGetUpdates", "result":"Done", "context":{"dataType":"History", "deleted":"0", "process_failed_to_decrypt":"0", "process_pending_decryption":"0", "process_success":"250", "total":"250"}}
{"logTime": "0520/235852", "correlationVector":"mL73yJsTHsYN0GuKCEtJK7.3","action":"GetUpdates Response", "result":"Success", "context":Received 250 update(s). cV=mL73yJsTHsYN0GuKCEtJK7.0;server=akswtt11300002a;cloudType=Consumer;environment=Prod_eastus2_prod-s01-050-nam-eastus2;migrationStage=NotStarted Some updates remain.}
{"logTime": "0520/235852", "correlationVector":"SQmf3teIQ1Fivo1o28/xsJ","action":"Initial GetUpdates", "result":"", "context":Reason: NEWLY_SUPPORTED_DATATYPE. cV=SQmf3teIQ1Fivo1o28/xsJ}
{"logTime": "0520/235853", "correlationVector":"SQmf3teIQ1Fivo1o28/xsJ.1","action":"SyncServerConnectionManagerRequest", "result":"SYNC_SERVER_OK", "context":{"environment":"Prod_eastus2_prod-s01-050-nam-eastus2", "migrationStage":"NotStarted", "server":"akswtt11300003c"}}
{"logTime": "0520/235853", "correlationVector":"SQmf3teIQ1Fivo1o28/xsJ.2","action":"ProcessGetUpdates", "result":"Done", "context":{"dataType":"History", "deleted":"0", "process_failed_to_decrypt":"0", "process_pending_decryption":"0", "process_success":"250", "total":"250"}}
{"logTime": "0520/235853", "correlationVector":"SQmf3teIQ1Fivo1o28/xsJ.3","action":"GetUpdates Response", "result":"Success", "context":Received 250 update(s). cV=SQmf3teIQ1Fivo1o28/xsJ.0;server=akswtt11300003c;cloudType=Consumer;environment=Prod_eastus2_prod-s01-050-nam-eastus2;migrationStage=NotStarted Some updates remain.}
{"logTime": "0520/235853", "correlationVector":"4AA0zubkzhf0edmE/lZe7k","action":"Initial GetUpdates", "result":"", "context":Reason: NEWLY_SUPPORTED_DATATYPE. cV=4AA0zubkzhf0edmE/lZe7k}
{"logTime": "0520/235854", "correlationVector":"4AA0zubkzhf0edmE/lZe7k.1","action":"SyncServerConnectionManagerRequest", "result":"SYNC_SERVER_OK", "context":{"environment":"Prod_eastus2_prod-s01-050-nam-eastus2", "migrationStage":"NotStarted", "server":"akswtt113000034"}}
{"logTime": "0520/235854", "correlationVector":"4AA0zubkzhf0edmE/lZe7k.2","action":"ProcessGetUpdates", "result":"Done", "context":{"dataType":"History", "deleted":"0", "process_failed_to_decrypt":"0", "process_pending_decryption":"0", "process_success":"250", "total":"250"}}
{"logTime": "0520/235854", "correlationVector":"4AA0zubkzhf0edmE/lZe7k.3","action":"GetUpdates Response", "result":"Success", "context":Received 250 update(s). cV=4AA0zubkzhf0edmE/lZe7k.0;server=akswtt113000034;cloudType=Consumer;environment=Prod_eastus2_prod-s01-050-nam-eastus2;migrationStage=NotStarted Some updates remain.}
{"logTime": "0520/235854", "correlationVector":"j1RM1D8zrUTgriqviTlTOA","action":"Initial GetUpdates", "result":"", "context":Reason: NEWLY_SUPPORTED_DATATYPE. cV=j1RM1D8zrUTgriqviTlTOA}
{"logTime": "0520/235855", "correlationVector":"j1RM1D8zrUTgriqviTlTOA.1","action":"SyncServerConnectionManagerRequest", "result":"SYNC_SERVER_OK", "context":{"environment":"Prod_eastus2_prod-s01-050-nam-eastus2", "migrationStage":"NotStarted", "server":"akswtt11300001e"}}
{"logTime": "0520/235855", "correlationVector":"j1RM1D8zrUTgriqviTlTOA.2","action":"ProcessGetUpdates", "result":"Done", "context":{"dataType":"History", "deleted":"0", "process_failed_to_decrypt":"0", "process_pending_decryption":"0", "process_success":"250", "total":"250"}}
{"logTime": "0520/235855", "correlationVector":"j1RM1D8zrUTgriqviTlTOA.3","action":"GetUpdates Response", "result":"Success", "context":Received 250 update(s). cV=j1RM1D8zrUTgriqviTlTOA.0;server=akswtt11300001e;cloudType=Consumer;environment=Prod_eastus2_prod-s01-050-nam-eastus2;migrationStage=NotStarted Some updates remain.}
{"logTime": "0520/235855", "correlationVector":"PwAz3gxo0629T98eZ86WQH","action":"Initial GetUpdates", "result":"", "context":Reason: NEWLY_SUPPORTED_DATATYPE. cV=PwAz3gxo0629T98eZ86WQH}
{"logTime": "0520/235856", "correlationVector":"PwAz3gxo0629T98eZ86WQH.1","action":"SyncServerConnectionManagerRequest", "result":"SYNC_SERVER_OK", "context":{"environment":"Prod_eastus2_prod-s01-050-nam-eastus2", "migrationStage":"NotStarted", "server":"akswtt11300003d"}}
{"logTime": "0520/235856", "correlationVector":"PwAz3gxo0629T98eZ86WQH.2","action":"ProcessGetUpdates", "result":"Done", "context":{"dataType":"History", "deleted":"0", "process_failed_to_decrypt":"0", "process_pending_decryption":"0", "process_success":"250", "total":"250"}}
{"logTime": "0520/235856", "correlationVector":"PwAz3gxo0629T98eZ86WQH.3","action":"GetUpdates Response", "result":"Success", "context":Received 250 update(s). cV=PwAz3gxo0629T98eZ86WQH.0;server=akswtt11300003d;cloudType=Consumer;environment=Prod_eastus2_prod-s01-050-nam-eastus2;migrationStage=NotStarted Some updates remain.}
{"logTime": "0520/235856", "correlationVector":"o75QKnYZ44QHzUmAio67ti","action":"Initial GetUpdates", "result":"", "context":Reason: NEWLY_SUPPORTED_DATATYPE. cV=o75QKnYZ44QHzUmAio67ti}
{"logTime": "0520/235857", "correlationVector":"o75QKnYZ44QHzUmAio67ti.1","action":"SyncServerConnectionManagerRequest", "result":"SYNC_SERVER_OK", "context":{"environment":"Prod_eastus2_prod-s01-050-nam-eastus2", "migrationStage":"NotStarted", "server":"akswtt113000017"}}
{"logTime": "0520/235857", "correlationVector":"o75QKnYZ44QHzUmAio67ti.2","action":"ProcessGetUpdates", "result":"Done", "context":{"dataType":"History", "deleted":"4", "process_failed_to_decrypt":"0", "process_pending_decryption":"0", "process_success":"250", "total":"250"}}
{"logTime": "0520/235857", "correlationVector":"o75QKnYZ44QHzUmAio67ti.3","action":"GetUpdates Response", "result":"Success", "context":Received 250 update(s). cV=o75QKnYZ44QHzUmAio67ti.0;server=akswtt113000017;cloudType=Consumer;environment=Prod_eastus2_prod-s01-050-nam-eastus2;migrationStage=NotStarted Some updates remain.}
{"logTime": "0520/235857", "correlationVector":"vfE7uulZXYtOoMsHbUOEHY","action":"Initial GetUpdates", "result":"", "context":Reason: NEWLY_SUPPORTED_DATATYPE. cV=vfE7uulZXYtOoMsHbUOEHY}
{"logTime": "0520/235858", "correlationVector":"vfE7uulZXYtOoMsHbUOEHY.1","action":"SyncServerConnectionManagerRequest", "result":"SYNC_SERVER_OK", "context":{"environment":"Prod_eastus2_prod-s01-050-nam-eastus2", "migrationStage":"NotStarted", "server":"akswtt11300003f"}}
{"logTime": "0520/235858", "correlationVector":"vfE7uulZXYtOoMsHbUOEHY.2","action":"ProcessGetUpdates", "result":"Done", "context":{"dataType":"History", "deleted":"0", "process_failed_to_decrypt":"0", "process_pending_decryption":"0", "process_success":"250", "total":"250"}}
{"logTime": "0520/235858", "correlationVector":"vfE7uulZXYtOoMsHbUOEHY.3","action":"GetUpdates Response", "result":"Success", "context":Received 250 update(s). cV=vfE7uulZXYtOoMsHbUOEHY.0;server=akswtt11300003f;cloudType=Consumer;environment=Prod_eastus2_prod-s01-050-nam-eastus2;migrationStage=NotStarted Some updates remain.}
{"logTime": "0520/235858", "correlationVector":"/uYdt82gvNA0vTPmlBRqM9","action":"Initial GetUpdates", "result":"", "context":Reason: NEWLY_SUPPORTED_DATATYPE. cV=/uYdt82gvNA0vTPmlBRqM9}
{"logTime": "0520/235859", "correlationVector":"/uYdt82gvNA0vTPmlBRqM9.1","action":"SyncServerConnectionManagerRequest", "result":"SYNC_SERVER_OK", "context":{"environment":"Prod_eastus2_prod-s01-050-nam-eastus2", "migrationStage":"NotStarted", "server":"akswtt11300003n"}}
{"logTime": "0520/235859", "correlationVector":"/uYdt82gvNA0vTPmlBRqM9.2","action":"ProcessGetUpdates", "result":"Done", "context":{"dataType":"History", "deleted":"0", "process_failed_to_decrypt":"0", "process_pending_decryption":"0", "process_success":"250", "total":"250"}}
{"logTime": "0520/235859", "correlationVector":"/uYdt82gvNA0vTPmlBRqM9.3","action":"GetUpdates Response", "result":"Success", "context":Received 250 update(s). cV=/uYdt82gvNA0vTPmlBRqM9.0;server=akswtt11300003n;cloudType=Consumer;environment=Prod_eastus2_prod-s01-050-nam-eastus2;migrationStage=NotStarted Some updates remain.}
{"logTime": "0520/235859", "correlationVector":"IEOuKVfpt5BmbQCAlvpacl","action":"Initial GetUpdates", "result":"", "context":Reason: NEWLY_SUPPORTED_DATATYPE. cV=IEOuKVfpt5BmbQCAlvpacl}
{"logTime": "0520/235900", "correlationVector":"IEOuKVfpt5BmbQCAlvpacl.1","action":"SyncServerConnectionManagerRequest", "result":"SYNC_SERVER_OK", "context":{"environment":"Prod_eastus2_prod-s01-050-nam-eastus2", "migrationStage":"NotStarted", "server":"akswtt11300003d"}}
{"logTime": "0520/235900", "correlationVector":"IEOuKVfpt5BmbQCAlvpacl.2","action":"ProcessGetUpdates", "result":"Done", "context":{"dataType":"History", "deleted":"0", "process_failed_to_decrypt":"0", "process_pending_decryption":"0", "process_success":"250", "total":"250"}}
{"logTime": "0520/235900", "correlationVector":"IEOuKVfpt5BmbQCAlvpacl.3","action":"GetUpdates Response", "result":"Success", "context":Received 250 update(s). cV=IEOuKVfpt5BmbQCAlvpacl.0;server=akswtt11300003d;cloudType=Consumer;environment=Prod_eastus2_prod-s01-050-nam-eastus2;migrationStage=NotStarted Some updates remain.}
{"logTime": "0520/235900", "correlationVector":"NBVLwNFGB35k8Vu4Bk+chB","action":"Initial GetUpdates", "result":"", "context":Reason: NEWLY_SUPPORTED_DATATYPE. cV=NBVLwNFGB35k8Vu4Bk+chB}
{"logTime": "0520/235901", "correlationVector":"NBVLwNFGB35k8Vu4Bk+chB.1","action":"SyncServerConnectionManagerRequest", "result":"SYNC_SERVER_OK", "context":{"environment":"Prod_eastus2_prod-s01-050-nam-eastus2", "migrationStage":"NotStarted", "server":"akswtt113000028"}}
{"logTime": "0520/235901", "correlationVector":"NBVLwNFGB35k8Vu4Bk+chB.2","action":"ProcessGetUpdates", "result":"Done", "context":{"dataType":"History", "deleted":"0", "process_failed_to_decrypt":"0", "process_pending_decryption":"0", "process_success":"250", "total":"250"}}
{"logTime": "0520/235901", "correlationVector":"NBVLwNFGB35k8Vu4Bk+chB.3","action":"GetUpdates Response", "result":"Success", "context":Received 250 update(s). cV=NBVLwNFGB35k8Vu4Bk+chB.0;server=akswtt113000028;cloudType=Consumer;environment=Prod_eastus2_prod-s01-050-nam-eastus2;migrationStage=NotStarted Some updates remain.}
{"logTime": "0520/235901", "correlationVector":"fB2Q1RjgbonaTsra9CgA4N","action":"Initial GetUpdates", "result":"", "context":Reason: NEWLY_SUPPORTED_DATATYPE. cV=fB2Q1RjgbonaTsra9CgA4N}
{"logTime": "0520/235902", "correlationVector":"fB2Q1RjgbonaTsra9CgA4N.1","action":"SyncServerConnectionManagerRequest", "result":"SYNC_SERVER_OK", "context":{"environment":"Prod_eastus2_prod-s01-050-nam-eastus2", "migrationStage":"NotStarted", "server":"akswtt11300003f"}}
{"logTime": "0520/235902", "correlationVector":"fB2Q1RjgbonaTsra9CgA4N.2","action":"ProcessGetUpdates", "result":"Done", "context":{"dataType":"History", "deleted":"0", "process_failed_to_decrypt":"0", "process_pending_decryption":"0", "process_success":"250", "total":"250"}}
{"logTime": "0520/235902", "correlationVector":"fB2Q1RjgbonaTsra9CgA4N.3","action":"GetUpdates Response", "result":"Success", "context":Received 250 update(s). cV=fB2Q1RjgbonaTsra9CgA4N.0;server=akswtt11300003f;cloudType=Consumer;environment=Prod_eastus2_prod-s01-050-nam-eastus2;migrationStage=NotStarted Some updates remain.}
{"logTime": "0520/235902", "correlationVector":"9mDCmODAr+FYQyObVDB7EX","action":"Initial GetUpdates", "result":"", "context":Reason: NEWLY_SUPPORTED_DATATYPE. cV=9mDCmODAr+FYQyObVDB7EX}
{"logTime": "0520/235903", "correlationVector":"9mDCmODAr+FYQyObVDB7EX.1","action":"SyncServerConnectionManagerRequest", "result":"SYNC_SERVER_OK", "context":{"environment":"Prod_eastus2_prod-s01-050-nam-eastus2", "migrationStage":"NotStarted", "server":"akswtt11300000t"}}
{"logTime": "0520/235903", "correlationVector":"9mDCmODAr+FYQyObVDB7EX.2","action":"ProcessGetUpdates", "result":"Done", "context":{"dataType":"History", "deleted":"0", "process_failed_to_decrypt":"0", "process_pending_decryption":"0", "process_success":"250", "total":"250"}}
{"logTime": "0520/235903", "correlationVector":"9mDCmODAr+FYQyObVDB7EX.3","action":"GetUpdates Response", "result":"Success", "context":Received 250 update(s). cV=9mDCmODAr+FYQyObVDB7EX.0;server=akswtt11300000t;cloudType=Consumer;environment=Prod_eastus2_prod-s01-050-nam-eastus2;migrationStage=NotStarted Some updates remain.}
{"logTime": "0520/235903", "correlationVector":"M/zcDPw5mI/xEiWZ2wbkw1","action":"Initial GetUpdates", "result":"", "context":Reason: NEWLY_SUPPORTED_DATATYPE. cV=M/zcDPw5mI/xEiWZ2wbkw1}
{"logTime": "0520/235903", "correlationVector":"M/zcDPw5mI/xEiWZ2wbkw1.1","action":"SyncServerConnectionManagerRequest", "result":"SYNC_SERVER_OK", "context":{"environment":"Prod_eastus2_prod-s01-050-nam-eastus2", "migrationStage":"NotStarted", "server":"akswtt11300000d"}}
{"logTime": "0520/235903", "correlationVector":"M/zcDPw5mI/xEiWZ2wbkw1.2","action":"ProcessGetUpdates", "result":"Done", "context":{"dataType":"History", "deleted":"0", "process_failed_to_decrypt":"0", "process_pending_decryption":"0", "process_success":"250", "total":"250"}}
{"logTime": "0520/235903", "correlationVector":"M/zcDPw5mI/xEiWZ2wbkw1.3","action":"GetUpdates Response", "result":"Success", "context":Received 250 update(s). cV=M/zcDPw5mI/xEiWZ2wbkw1.0;server=akswtt11300000d;cloudType=Consumer;environment=Prod_eastus2_prod-s01-050-nam-eastus2;migrationStage=NotStarted Some updates remain.}
{"logTime": "0520/235903", "correlationVector":"2ofX9392IQPyJ4Ol36JYfz","action":"Initial GetUpdates", "result":"", "context":Reason: NEWLY_SUPPORTED_DATATYPE. cV=2ofX9392IQPyJ4Ol36JYfz}
{"logTime": "0520/235904", "correlationVector":"2ofX9392IQPyJ4Ol36JYfz.1","action":"SyncServerConnectionManagerRequest", "result":"SYNC_SERVER_OK", "context":{"environment":"Prod_eastus2_prod-s01-050-nam-eastus2", "migrationStage":"NotStarted", "server":"akswtt11300003f"}}
{"logTime": "0520/235904", "correlationVector":"2ofX9392IQPyJ4Ol36JYfz.2","action":"ProcessGetUpdates", "result":"Done", "context":{"dataType":"History", "deleted":"0", "process_failed_to_decrypt":"0", "process_pending_decryption":"0", "process_success":"250", "total":"250"}}
{"logTime": "0520/235904", "correlationVector":"2ofX9392IQPyJ4Ol36JYfz.3","action":"GetUpdates Response", "result":"Success", "context":Received 250 update(s). cV=2ofX9392IQPyJ4Ol36JYfz.0;server=akswtt11300003f;cloudType=Consumer;environment=Prod_eastus2_prod-s01-050-nam-eastus2;migrationStage=NotStarted Some updates remain.}
{"logTime": "0520/235904", "correlationVector":"KX/cc6dVoWdrCy5EPw8KmC","action":"Initial GetUpdates", "result":"", "context":Reason: NEWLY_SUPPORTED_DATATYPE. cV=KX/cc6dVoWdrCy5EPw8KmC}
{"logTime": "0520/235905", "correlationVector":"KX/cc6dVoWdrCy5EPw8KmC.1","action":"SyncServerConnectionManagerRequest", "result":"SYNC_SERVER_OK", "context":{"environment":"Prod_eastus2_prod-s01-050-nam-eastus2", "migrationStage":"NotStarted", "server":"akswtt11300003f"}}
{"logTime": "0520/235905", "correlationVector":"KX/cc6dVoWdrCy5EPw8KmC.2","action":"ProcessGetUpdates", "result":"Done", "context":{"dataType":"History", "deleted":"0", "process_failed_to_decrypt":"0", "process_pending_decryption":"0", "process_success":"250", "total":"250"}}
{"logTime": "0520/235905", "correlationVector":"KX/cc6dVoWdrCy5EPw8KmC.3","action":"GetUpdates Response", "result":"Success", "context":Received 250 update(s). cV=KX/cc6dVoWdrCy5EPw8KmC.0;server=akswtt11300003f;cloudType=Consumer;environment=Prod_eastus2_prod-s01-050-nam-eastus2;migrationStage=NotStarted Some updates remain.}
{"logTime": "0520/235905", "correlationVector":"WN6Wkzwk11f88Vqb27XbY5","action":"Initial GetUpdates", "result":"", "context":Reason: NEWLY_SUPPORTED_DATATYPE. cV=WN6Wkzwk11f88Vqb27XbY5}
{"logTime": "0520/235906", "correlationVector":"WN6Wkzwk11f88Vqb27XbY5.1","action":"SyncServerConnectionManagerRequest", "result":"SYNC_SERVER_OK", "context":{"environment":"Prod_eastus2_prod-s01-050-nam-eastus2", "migrationStage":"NotStarted", "server":"akswtt113000034"}}
{"logTime": "0520/235906", "correlationVector":"WN6Wkzwk11f88Vqb27XbY5.2","action":"ProcessGetUpdates", "result":"Done", "context":{"dataType":"History", "deleted":"0", "process_failed_to_decrypt":"0", "process_pending_decryption":"0", "process_success":"250", "total":"250"}}
{"logTime": "0520/235906", "correlationVector":"WN6Wkzwk11f88Vqb27XbY5.3","action":"GetUpdates Response", "result":"Success", "context":Received 250 update(s). cV=WN6Wkzwk11f88Vqb27XbY5.0;server=akswtt113000034;cloudType=Consumer;environment=Prod_eastus2_prod-s01-050-nam-eastus2;migrationStage=NotStarted Some updates remain.}
{"logTime": "0520/235906", "correlationVector":"36XpGnf/UEpR+HrSBFrzy7","action":"Initial GetUpdates", "result":"", "context":Reason: NEWLY_SUPPORTED_DATATYPE. cV=36XpGnf/UEpR+HrSBFrzy7}
{"logTime": "0520/235907", "correlationVector":"36XpGnf/UEpR+HrSBFrzy7.1","action":"SyncServerConnectionManagerRequest", "result":"SYNC_SERVER_OK", "context":{"environment":"Prod_eastus2_prod-s01-050-nam-eastus2", "migrationStage":"NotStarted", "server":"akswtt113000027"}}
{"logTime": "0520/235907", "correlationVector":"36XpGnf/UEpR+HrSBFrzy7.2","action":"ProcessGetUpdates", "result":"Done", "context":{"dataType":"History", "deleted":"0", "process_failed_to_decrypt":"0", "process_pending_decryption":"0", "process_success":"250", "total":"250"}}
{"logTime": "0520/235907", "correlationVector":"36XpGnf/UEpR+HrSBFrzy7.3","action":"GetUpdates Response", "result":"Success", "context":Received 250 update(s). cV=36XpGnf/UEpR+HrSBFrzy7.0;server=akswtt113000027;cloudType=Consumer;environment=Prod_eastus2_prod-s01-050-nam-eastus2;migrationStage=NotStarted Some updates remain.}
{"logTime": "0520/235907", "correlationVector":"Hy+Di9Dbvs27llfgH3fDDk","action":"Initial GetUpdates", "result":"", "context":Reason: NEWLY_SUPPORTED_DATATYPE. cV=Hy+Di9Dbvs27llfgH3fDDk}
{"logTime": "0520/235908", "correlationVector":"Hy+Di9Dbvs27llfgH3fDDk.1","action":"SyncServerConnectionManagerRequest", "result":"SYNC_SERVER_OK", "context":{"environment":"Prod_eastus2_prod-s01-050-nam-eastus2", "migrationStage":"NotStarted", "server":"akswtt11300003n"}}
{"logTime": "0520/235908", "correlationVector":"Hy+Di9Dbvs27llfgH3fDDk.2","action":"ProcessGetUpdates", "result":"Done", "context":{"dataType":"History", "deleted":"0", "process_failed_to_decrypt":"0", "process_pending_decryption":"0", "process_success":"250", "total":"250"}}
{"logTime": "0520/235908", "correlationVector":"Hy+Di9Dbvs27llfgH3fDDk.3","action":"GetUpdates Response", "result":"Success", "context":Received 250 update(s). cV=Hy+Di9Dbvs27llfgH3fDDk.0;server=akswtt11300003n;cloudType=Consumer;environment=Prod_eastus2_prod-s01-050-nam-eastus2;migrationStage=NotStarted Some updates remain.}
{"logTime": "0520/235908", "correlationVector":"qc2maJcHLy6fxVAo2eEzR/","action":"Initial GetUpdates", "result":"", "context":Reason: NEWLY_SUPPORTED_DATATYPE. cV=qc2maJcHLy6fxVAo2eEzR/}
{"logTime": "0520/235908", "correlationVector":"qc2maJcHLy6fxVAo2eEzR/.1","action":"SyncServerConnectionManagerRequest", "result":"SYNC_SERVER_OK", "context":{"environment":"Prod_eastus2_prod-s01-050-nam-eastus2", "migrationStage":"NotStarted", "server":"akswtt11300003f"}}
{"logTime": "0520/235908", "correlationVector":"qc2maJcHLy6fxVAo2eEzR/.2","action":"ProcessGetUpdates", "result":"Done", "context":{"dataType":"History", "deleted":"0", "process_failed_to_decrypt":"0", "process_pending_decryption":"0", "process_success":"250", "total":"250"}}
{"logTime": "0520/235908", "correlationVector":"qc2maJcHLy6fxVAo2eEzR/.3","action":"GetUpdates Response", "result":"Success", "context":Received 250 update(s). cV=qc2maJcHLy6fxVAo2eEzR/.0;server=akswtt11300003f;cloudType=Consumer;environment=Prod_eastus2_prod-s01-050-nam-eastus2;migrationStage=NotStarted Some updates remain.}
{"logTime": "0520/235908", "correlationVector":"1eHsZmyJe/76G1/nVCp6TU","action":"Initial GetUpdates", "result":"", "context":Reason: NEWLY_SUPPORTED_DATATYPE. cV=1eHsZmyJe/76G1/nVCp6TU}
{"logTime": "0520/235909", "correlationVector":"1eHsZmyJe/76G1/nVCp6TU.1","action":"SyncServerConnectionManagerRequest", "result":"SYNC_SERVER_OK", "context":{"environment":"Prod_eastus2_prod-s01-050-nam-eastus2", "migrationStage":"NotStarted", "server":"akswtt11300000d"}}
{"logTime": "0520/235909", "correlationVector":"1eHsZmyJe/76G1/nVCp6TU.2","action":"ProcessGetUpdates", "result":"Done", "context":{"dataType":"History", "deleted":"0", "process_failed_to_decrypt":"0", "process_pending_decryption":"0", "process_success":"250", "total":"250"}}
{"logTime": "0520/235909", "correlationVector":"1eHsZmyJe/76G1/nVCp6TU.3","action":"GetUpdates Response", "result":"Success", "context":Received 250 update(s). cV=1eHsZmyJe/76G1/nVCp6TU.0;server=akswtt11300000d;cloudType=Consumer;environment=Prod_eastus2_prod-s01-050-nam-eastus2;migrationStage=NotStarted Some updates remain.}
{"logTime": "0520/235909", "correlationVector":"rdAbf+I1AD8oU2OPZgIi4P","action":"Initial GetUpdates", "result":"", "context":Reason: NEWLY_SUPPORTED_DATATYPE. cV=rdAbf+I1AD8oU2OPZgIi4P}
{"logTime": "0520/235910", "correlationVector":"rdAbf+I1AD8oU2OPZgIi4P.1","action":"SyncServerConnectionManagerRequest", "result":"SYNC_SERVER_OK", "context":{"environment":"Prod_eastus2_prod-s01-050-nam-eastus2", "migrationStage":"NotStarted", "server":"akswtt11300003d"}}
{"logTime": "0520/235910", "correlationVector":"rdAbf+I1AD8oU2OPZgIi4P.2","action":"ProcessGetUpdates", "result":"Done", "context":{"dataType":"History", "deleted":"0", "process_failed_to_decrypt":"0", "process_pending_decryption":"0", "process_success":"250", "total":"250"}}
{"logTime": "0520/235910", "correlationVector":"rdAbf+I1AD8oU2OPZgIi4P.3","action":"GetUpdates Response", "result":"Success", "context":Received 250 update(s). cV=rdAbf+I1AD8oU2OPZgIi4P.0;server=akswtt11300003d;cloudType=Consumer;environment=Prod_eastus2_prod-s01-050-nam-eastus2;migrationStage=NotStarted Some updates remain.}
{"logTime": "0520/235910", "correlationVector":"Mhr7IvX2KP4Lfr4prQaRVC","action":"Initial GetUpdates", "result":"", "context":Reason: NEWLY_SUPPORTED_DATATYPE. cV=Mhr7IvX2KP4Lfr4prQaRVC}
{"logTime": "0520/235911", "correlationVector":"Mhr7IvX2KP4Lfr4prQaRVC.1","action":"SyncServerConnectionManagerRequest", "result":"SYNC_SERVER_OK", "context":{"environment":"Prod_eastus2_prod-s01-050-nam-eastus2", "migrationStage":"NotStarted", "server":"akswtt11300000d"}}
{"logTime": "0520/235911", "correlationVector":"Mhr7IvX2KP4Lfr4prQaRVC.2","action":"ProcessGetUpdates", "result":"Done", "context":{"dataType":"History", "deleted":"0", "process_failed_to_decrypt":"0", "process_pending_decryption":"0", "process_success":"250", "total":"250"}}
{"logTime": "0520/235911", "correlationVector":"Mhr7IvX2KP4Lfr4prQaRVC.3","action":"GetUpdates Response", "result":"Success", "context":Received 250 update(s). cV=Mhr7IvX2KP4Lfr4prQaRVC.0;server=akswtt11300000d;cloudType=Consumer;environment=Prod_eastus2_prod-s01-050-nam-eastus2;migrationStage=NotStarted Some updates remain.}
{"logTime": "0520/235911", "correlationVector":"e20HchYfubLy67Jlv4l+8U","action":"Initial GetUpdates", "result":"", "context":Reason: NEWLY_SUPPORTED_DATATYPE. cV=e20HchYfubLy67Jlv4l+8U}
{"logTime": "0520/235912", "correlationVector":"e20HchYfubLy67Jlv4l+8U.1","action":"SyncServerConnectionManagerRequest", "result":"SYNC_SERVER_OK", "context":{"environment":"Prod_eastus2_prod-s01-050-nam-eastus2", "migrationStage":"NotStarted", "server":"akswtt11300001e"}}
{"logTime": "0520/235912", "correlationVector":"e20HchYfubLy67Jlv4l+8U.2","action":"ProcessGetUpdates", "result":"Done", "context":{"dataType":"History", "deleted":"0", "process_failed_to_decrypt":"0", "process_pending_decryption":"0", "process_success":"250", "total":"250"}}
{"logTime": "0520/235912", "correlationVector":"e20HchYfubLy67Jlv4l+8U.3","action":"GetUpdates Response", "result":"Success", "context":Received 250 update(s). cV=e20HchYfubLy67Jlv4l+8U.0;server=akswtt11300001e;cloudType=Consumer;environment=Prod_eastus2_prod-s01-050-nam-eastus2;migrationStage=NotStarted Some updates remain.}
{"logTime": "0520/235912", "correlationVector":"Ht13lJjLJvm6DoTAUrRTGn","action":"Initial GetUpdates", "result":"", "context":Reason: NEWLY_SUPPORTED_DATATYPE. cV=Ht13lJjLJvm6DoTAUrRTGn}
{"logTime": "0520/235912", "correlationVector":"Ht13lJjLJvm6DoTAUrRTGn.1","action":"SyncServerConnectionManagerRequest", "result":"SYNC_SERVER_OK", "context":{"environment":"Prod_eastus2_prod-s01-050-nam-eastus2", "migrationStage":"NotStarted", "server":"akswtt11300003d"}}
{"logTime": "0520/235912", "correlationVector":"Ht13lJjLJvm6DoTAUrRTGn.2","action":"ProcessGetUpdates", "result":"Done", "context":{"dataType":"History", "deleted":"0", "process_failed_to_decrypt":"0", "process_pending_decryption":"0", "process_success":"69", "total":"69"}}
{"logTime": "0520/235912", "correlationVector":"Ht13lJjLJvm6DoTAUrRTGn.3","action":"GetUpdates Response", "result":"Success", "context":Received 69 update(s). cV=Ht13lJjLJvm6DoTAUrRTGn.0;server=akswtt11300003d;cloudType=Consumer;environment=Prod_eastus2_prod-s01-050-nam-eastus2;migrationStage=NotStarted}
{"logTime": "0520/235912", "correlationVector":"wrwA35HG6ovAz7pklDo5Hc","action":"Normal GetUpdate request", "result":"", "context":cV=wrwA35HG6ovAz7pklDo5Hc
Nudged types: Sessions, Device Info, User Consents, History
Refresh requested types: Bookmarks, Preferences, Passwords, Autofill Profiles, Autofill, Extensions, Sessions, Extension settings, History Delete Directives, Device Info, User Consents, Send Tab To Self, Web Apps, History, Saved Tab Group, WebAuthn Credentials, Collection, Edge E Drop, Edge Hub App Usage, Edge Wallet, Edge Workspace, Encryption Keys}
{"logTime": "0520/235912", "correlationVector":"wrwA35HG6ovAz7pklDo5Hc.1","action":"SyncServerConnectionManagerRequest", "result":"SYNC_SERVER_OK", "context":{"environment":"Prod_eastus2_prod-s01-050-nam-eastus2", "migrationStage":"NotStarted", "server":"akswtt11300003a"}}
{"logTime": "0520/235912", "correlationVector":"wrwA35HG6ovAz7pklDo5Hc.2","action":"GetUpdates Response", "result":"Success", "context":Received 0 update(s). cV=wrwA35HG6ovAz7pklDo5Hc.0;server=akswtt11300003a;cloudType=Consumer;environment=Prod_eastus2_prod-s01-050-nam-eastus2;migrationStage=NotStarted}
{"logTime": "0520/235912", "correlationVector":"hwrbAUCTI5COgWrE4Xb/A/","action":"Commit Request", "result":"", "context":Item count: 5
Contributing types: Sessions, Device Info, User Consents, History}
{"logTime": "0520/235914", "correlationVector":"hwrbAUCTI5COgWrE4Xb/A/.1","action":"SyncServerConnectionManagerRequest", "result":"SYNC_SERVER_OK", "context":{"environment":"Prod_eastus2_prod-s01-050-nam-eastus2", "migrationStage":"NotStarted", "server":"akswtt11300001s"}}
{"logTime": "0520/235914", "correlationVector":"hwrbAUCTI5COgWrE4Xb/A/.2","action":"Commit Response", "result":"Success", "context":Result: Success. cV=hwrbAUCTI5COgWrE4Xb/A/.0;server=akswtt11300001s;cloudType=Consumer;environment=Prod_eastus2_prod-s01-050-nam-eastus2;migrationStage=NotStarted}
{"logTime": "0520/235940", "correlationVector":"9hfgAmX80jRbE4o2QHIAPx","action":"Commit Request", "result":"", "context":Item count: 8
Contributing types: Passwords}
{"logTime": "0520/235941", "correlationVector":"9hfgAmX80jRbE4o2QHIAPx.1","action":"SyncServerConnectionManagerRequest", "result":"SYNC_SERVER_OK", "context":{"environment":"Prod_eastus2_prod-s01-050-nam-eastus2", "migrationStage":"NotStarted", "server":"akswtt11300001p"}}
{"logTime": "0520/235941", "correlationVector":"9hfgAmX80jRbE4o2QHIAPx.2","action":"Commit Response", "result":"Success", "context":Result: Success. cV=9hfgAmX80jRbE4o2QHIAPx.0;server=akswtt11300001p;cloudType=Consumer;environment=Prod_eastus2_prod-s01-050-nam-eastus2;migrationStage=NotStarted}
{"logTime": "0521/000129", "correlationVector":"Y841APvFx7bAIevyPOLEev.1","action":"SyncServerConnectionManagerRequest", "result":"SYNC_SERVER_OK", "context":{"environment":"Prod_eastus_prod-s01-056-nam-eastus", "migrationStage":"NotStarted", "server":"akswtt11300000f"}}
{"logTime": "0521/000129", "correlationVector":"Y841APvFx7bAIevyPOLEev.2","action":"ProcessGetUpdates", "result":"Done", "context":{"dataType":"Encryption Keys", "deleted":"0", "process_failed_to_decrypt":"0", "process_pending_decryption":"0", "process_success":"1", "total":"1"}}
{"logTime": "0521/000129", "correlationVector":"k5lDWbCVlPaG71kv2IRste","action":"SyncServerConnectionManagerRequest", "result":"SYNC_SERVER_OK", "context":{"environment":"", "migrationStage":"", "server":""}}
{"logTime": "0521/000129", "correlationVector":"k5lDWbCVlPaG71kv2IRste.0","action":"EncryptionKeysFetcher.DownloadKeys:", "result":"Success", "context":Key count: 7, Last key timestamp: 2026-05-03T10:32:28Z}
{"logTime": "0521/000129", "correlationVector":"k5lDWbCVlPaG71kv2IRste.1","action":"EncryptionKeysManager::SetEncryptionKeys:", "result":"Success", "context":Key names[7]:[bJjDCAhAlij9sb9D5n2VBMHMSOwiXq3OkhUdMqpIKGVugyV7lvs4bfwz9ChpoNkzX3JzwOK/aoYO4x4QZ69tfg==][BENksbM8ZDHVovKZch98YAzwbFQakqao63Fc4AaXjDarFgdMntcY/emyRNg/gPsY+7qeiumtPCZ5RGSgECoSBA==][9B29zUrV53UHPRRV7c/XMTyGb3Frjm7YxmpGXCodYwpM0fRBgezC9JY+9+Yu1x/4ne3LmfsQ5ZaI3kzIJjXpHw==][8p/BcuAN4Uw/K5y5XqxyiTbILqHhYKvz2qnB6SZHrRAZDCkLZorz9Hl9L4LP0FBW4ZVhaZt9jo3AHwer7q4rlQ==][QMw9BUTJxBB8Rg5+gJPdVgepk7/psQjZDqKs3u4/Zo+V04WtvqdFYUAJ2Xwbk9xMapQ01ohf/JrhLeu+MkOxkg==][Mea9X0wVKrUwMhDg4X3TQe6bpzirVnsK/JSFJtoCJTVh8T3Do7HRuOhHRl3BC7B90rMhw+eF8cEvYRWoGJjrhg==][ERS8xFAYoXZQgCJIMFOcpP1zR1lfJW9YZZLDPsPGE9era2E+LtVrbdQU5IMWK0Sq2LY851T8pTvFUHb0TrkqWw==]}
{"logTime": "0521/000129", "correlationVector":"k5lDWbCVlPaG71kv2IRste.2","action":"EncryptionKeysManager::SetEncryptionKeysWithTimestamps:", "result":"Success", "context":Key timestamps[7]:[2023-06-06T09:50:26Z][2023-12-23T00:38:52Z][2024-06-21T03:11:51Z][2024-12-22T20:02:47Z][2025-06-22T14:51:00Z][2025-12-21T02:12:35Z][2026-05-03T10:32:28Z]}
{"logTime": "0521/000129", "correlationVector":"Y841APvFx7bAIevyPOLEev","action":"Initial GetUpdates", "result":"", "context":Reason: NEW_CLIENT. cV=Y841APvFx7bAIevyPOLEev}
{"logTime": "0521/000129", "correlationVector":"Y841APvFx7bAIevyPOLEev.3","action":"GetUpdates Response", "result":"Success", "context":Received 1 update(s). cV=Y841APvFx7bAIevyPOLEev.0;server=akswtt11300000f;cloudType=Consumer;environment=Prod_eastus_prod-s01-056-nam-eastus;migrationStage=NotStarted}
{"logTime": "0521/000129", "correlationVector":"8y92Ah5Mq3OXOs1mDvJSuc","action":"Initial GetUpdates", "result":"", "context":Reason: NEWLY_SUPPORTED_DATATYPE. cV=8y92Ah5Mq3OXOs1mDvJSuc}
{"logTime": "0521/000130", "correlationVector":"8y92Ah5Mq3OXOs1mDvJSuc.1","action":"SyncServerConnectionManagerRequest", "result":"SYNC_SERVER_OK", "context":{"environment":"Prod_eastus_prod-s01-056-nam-eastus", "migrationStage":"NotStarted", "server":"akswtt113000001"}}
{"logTime": "0521/000130", "correlationVector":"8y92Ah5Mq3OXOs1mDvJSuc.2","action":"ProcessGetUpdates", "result":"Done", "context":{"dataType":"Passwords", "deleted":"0", "process_failed_to_decrypt":"0", "process_pending_decryption":"0", "process_success":"26", "total":"26"}}
{"logTime": "0521/000130", "correlationVector":"8y92Ah5Mq3OXOs1mDvJSuc.3","action":"GetUpdates Response", "result":"Success", "context":Received 26 update(s). cV=8y92Ah5Mq3OXOs1mDvJSuc.0;server=akswtt113000001;cloudType=Consumer;environment=Prod_eastus_prod-s01-056-nam-eastus;migrationStage=NotStarted}
{"logTime": "0521/000130", "correlationVector":"WYPt6+Rt/fnm+NEU74QkyT","action":"Normal GetUpdate request", "result":"", "context":cV=WYPt6+Rt/fnm+NEU74QkyT
Nudged types: Sessions, History
Refresh requested types: Bookmarks, Preferences, Passwords, Autofill Profiles, Autofill, Extensions, Sessions, Extension settings, History Delete Directives, Device Info, User Consents, Send Tab To Self, Web Apps, History, Saved Tab Group, WebAuthn Credentials, Collection, Edge E Drop, Edge Hub App Usage, Edge Wallet, Edge Workspace, Encryption Keys}
{"logTime": "0521/000130", "correlationVector":"WYPt6+Rt/fnm+NEU74QkyT.1","action":"SyncServerConnectionManagerRequest", "result":"SYNC_SERVER_OK", "context":{"environment":"Prod_eastus_prod-s01-056-nam-eastus", "migrationStage":"NotStarted", "server":"akswtt11300002k"}}
{"logTime": "0521/000130", "correlationVector":"WYPt6+Rt/fnm+NEU74QkyT.2","action":"ProcessGetUpdates", "result":"Done", "context":{"dataType":"Sessions", "deleted":"0", "process_failed_to_decrypt":"0", "process_pending_decryption":"0", "process_success":"2", "total":"2"}}
{"logTime": "0521/000130", "correlationVector":"WYPt6+Rt/fnm+NEU74QkyT.3","action":"ProcessGetUpdates", "result":"Done", "context":{"dataType":"Device Info", "deleted":"0", "process_failed_to_decrypt":"0", "process_pending_decryption":"0", "process_success":"1", "total":"1"}}
{"logTime": "0521/000130", "correlationVector":"WYPt6+Rt/fnm+NEU74QkyT.4","action":"ProcessGetUpdates", "result":"Done", "context":{"dataType":"History", "deleted":"0", "process_failed_to_decrypt":"0", "process_pending_decryption":"0", "process_success":"1", "total":"1"}}
{"logTime": "0521/000130", "correlationVector":"WYPt6+Rt/fnm+NEU74QkyT.5","action":"GetUpdates Response", "result":"Success", "context":Received 4 update(s). cV=WYPt6+Rt/fnm+NEU74QkyT.0;server=akswtt11300002k;cloudType=Consumer;environment=Prod_eastus_prod-s01-056-nam-eastus;migrationStage=NotStarted}
{"logTime": "0521/000130", "correlationVector":"V2APrFM0hIHT5h4D1WusHc","action":"Commit Request", "result":"", "context":Item count: 4
Contributing types: Sessions, History}
{"logTime": "0521/000131", "correlationVector":"V2APrFM0hIHT5h4D1WusHc.1","action":"SyncServerConnectionManagerRequest", "result":"SYNC_SERVER_OK", "context":{"environment":"Prod_eastus_prod-s01-056-nam-eastus", "migrationStage":"NotStarted", "server":"akswtt113000024"}}
{"logTime": "0521/000131", "correlationVector":"V2APrFM0hIHT5h4D1WusHc.3","action":"Commit.Sessions", "result":"Success", "context":{"id":"5b663a81-4dc7-47a8-91b1-6c6f72c66ec7", "isDeleted":"true", "size":"0", "version":"1779321554524"}}
{"logTime": "0521/000131", "correlationVector":"V2APrFM0hIHT5h4D1WusHc.2","action":"Commit Response", "result":"Success", "context":Result: Success. cV=V2APrFM0hIHT5h4D1WusHc.0;server=akswtt113000024;cloudType=Consumer;environment=Prod_eastus_prod-s01-056-nam-eastus;migrationStage=NotStarted}
