2026-05-20 23:58:40.446: [INFO][Sync] Reset engine, reason: 8
2026-05-20 23:58:40.446: [INFO][Sync] Stopped: Bookmarks
2026-05-20 23:58:40.446: [INFO][Sync] Stopped: Preferences
2026-05-20 23:58:40.446: [INFO][Sync] Stopped: Passwords
2026-05-20 23:58:40.446: [INFO][Sync] Stopped: Autofill Profiles
2026-05-20 23:58:40.446: [INFO][Sync] Stopped: Autofill
2026-05-20 23:58:40.446: [INFO][Sync] Stopped: Extensions
2026-05-20 23:58:40.446: [INFO][Sync] Stopped: Sessions
2026-05-20 23:58:40.446: [INFO][Sync] Stopped: Extension settings
2026-05-20 23:58:40.446: [INFO][Sync] Stopped: History Delete Directives
2026-05-20 23:58:40.446: [INFO][Sync] Stopped: Device Info
2026-05-20 23:58:40.446: [INFO][Sync] Stopped: User Consents
2026-05-20 23:58:40.446: [INFO][Sync] Stopped: Send Tab To Self
2026-05-20 23:58:40.446: [INFO][Sync] Stopped: Web Apps
2026-05-20 23:58:40.446: [INFO][Sync] Stopped: History
2026-05-20 23:58:40.446: [INFO][Sync] Stopped: Saved Tab Group
2026-05-20 23:58:40.446: [INFO][Sync] Stopped: WebAuthn Credentials
2026-05-20 23:58:40.446: [INFO][Sync] Stopped: Collection
2026-05-20 23:58:40.446: [INFO][Sync] Stopped: Edge E Drop
2026-05-20 23:58:40.446: [INFO][Sync] Stopped: Edge Hub App Usage
2026-05-20 23:58:40.446: [INFO][Sync] Stopped: Edge Wallet
2026-05-20 23:58:40.446: [INFO][Sync] Stopped: Edge Workspace
2026-05-20 23:58:40.446: [INFO][Sync] SyncState after authenticated was: NotSignedIn
2026-05-20 23:58:40.801: [INFO][Sync] Reset engine, reason: 8
2026-05-20 23:58:40.801: [INFO][Sync] Stopped: Bookmarks
2026-05-20 23:58:40.801: [INFO][Sync] Stopped: Preferences
2026-05-20 23:58:40.801: [INFO][Sync] Stopped: Passwords
2026-05-20 23:58:40.801: [INFO][Sync] Stopped: Autofill Profiles
2026-05-20 23:58:40.801: [INFO][Sync] Stopped: Autofill
2026-05-20 23:58:40.801: [INFO][Sync] Stopped: Extensions
2026-05-20 23:58:40.801: [INFO][Sync] Stopped: Sessions
2026-05-20 23:58:40.801: [INFO][Sync] Stopped: Extension settings
2026-05-20 23:58:40.801: [INFO][Sync] Stopped: History Delete Directives
2026-05-20 23:58:40.801: [INFO][Sync] Stopped: Device Info
2026-05-20 23:58:40.801: [INFO][Sync] Stopped: User Consents
2026-05-20 23:58:40.801: [INFO][Sync] Stopped: Send Tab To Self
2026-05-20 23:58:40.801: [INFO][Sync] Stopped: Web Apps
2026-05-20 23:58:40.801: [INFO][Sync] Stopped: History
2026-05-20 23:58:40.801: [INFO][Sync] Stopped: Saved Tab Group
2026-05-20 23:58:40.801: [INFO][Sync] Stopped: WebAuthn Credentials
2026-05-20 23:58:40.801: [INFO][Sync] Stopped: Collection
2026-05-20 23:58:40.801: [INFO][Sync] Stopped: Edge E Drop
2026-05-20 23:58:40.801: [INFO][Sync] Stopped: Edge Hub App Usage
2026-05-20 23:58:40.801: [INFO][Sync] Stopped: Edge Wallet
2026-05-20 23:58:40.801: [INFO][Sync] Stopped: Edge Workspace
2026-05-20 23:58:42.896: [INFO][Sync] Try to start sync engine
2026-05-20 23:58:42.899: [INFO][SyncManagerImpl::NudgeForInitialDownload] Initial download nudge for Encryption Keys
2026-05-20 23:58:42.900: [INFO][SyncEngineBackend::LoadAndConnectNigoriController] Load and connect Nigori controller
2026-05-20 23:58:42.900: [INFO][SyncEngineBackend::DoInitialize] Control Types added: Encryption Keys
2026-05-20 23:58:42.900: [INFO][SyncManagerImpl::ConfigureSyncer] Types to download: Encryption Keys with reason: 3
2026-05-20 23:58:42.900: [INFO][SyncSchedulerImpl::DoConfigurationSyncCycleJob] Configure job was blocked
2026-05-20 23:58:42.921: [INFO][SyncAuthManager::SetLastAuthError] Current auth error: None
2026-05-20 23:58:42.921: [INFO][SyncAuthManager::EdgeLogTokenErrorState] Token error with: None for account type: MSA
2026-05-20 23:58:42.921: [INFO][Sync] Credentials changed for: EdgeSyncScopeNew
2026-05-20 23:58:43.442: [INFO][SyncAuthManager::SetLastAuthError] Current auth error: None
2026-05-20 23:58:43.442: [INFO][SyncAuthManager::EdgeLogTokenErrorState] Token error with: None for account type: MSA
2026-05-20 23:58:43.442: [INFO][Sync] Credentials changed for: EdgeSyncKeyDataScope
2026-05-20 23:58:43.442: [INFO][SyncEngineBackend::DoUpdateKeyDataCredentials] Update key data credentials
2026-05-20 23:58:43.442: [INFO][SyncEngineBackend::DoUpdateCredentials] Update credentials
2026-05-20 23:58:43.442: [INFO][SyncSchedulerImpl::DoConfigurationSyncCycleJob] Blocked types:  and types to download: Encryption Keys
2026-05-20 23:58:44.597: [INFO][Sync] Started DataTypeManager configuration, reason: 4
2026-05-20 23:58:44.597: [INFO][Sync] Configuring for: Bookmarks, Preferences, Passwords, Autofill Profiles, Autofill, Extensions, Sessions, Extension settings, History Delete Directives, Device Info, User Consents, Send Tab To Self, Web Apps, History, Saved Tab Group, WebAuthn Credentials, Collection, Edge E Drop, Edge Hub App Usage, Edge Wallet, Edge Workspace, Encryption Keys, reason: 3, current state: 0
2026-05-20 23:58:44.597: [WARN][Sync] Crypto error data types: Passwords, Autofill Profiles, Autofill
2026-05-20 23:58:44.600: [INFO][Sync] Configure, desired: Bookmarks, Preferences, Extensions, Sessions, Extension settings, History Delete Directives, Device Info, User Consents, Send Tab To Self, Web Apps, History, Saved Tab Group, WebAuthn Credentials, Collection, Edge E Drop, Edge Hub App Usage, Edge Wallet, Edge Workspace, Encryption Keys; Allow fail: Passwords, Autofill Profiles, Autofill
2026-05-20 23:58:44.600: [INFO][Sync] Loading: Bookmarks
2026-05-20 23:58:44.600: [INFO][Sync] Loading: Preferences
2026-05-20 23:58:44.600: [INFO][Sync] Loading: Extensions
2026-05-20 23:58:44.600: [INFO][Sync] Loading: Sessions
2026-05-20 23:58:44.600: [INFO][Sync] Loading: Extension settings
2026-05-20 23:58:44.600: [INFO][Sync] Loading: History Delete Directives
2026-05-20 23:58:44.600: [INFO][Sync] Loading: Device Info
2026-05-20 23:58:44.601: [INFO][Sync] Loading: User Consents
2026-05-20 23:58:44.601: [INFO][Sync] Loading: Send Tab To Self
2026-05-20 23:58:44.601: [INFO][Sync] Loading: Web Apps
2026-05-20 23:58:44.601: [INFO][Sync] Loading: History
2026-05-20 23:58:44.601: [INFO][Sync] Loading: Saved Tab Group
2026-05-20 23:58:44.601: [INFO][Sync] Loading: WebAuthn Credentials
2026-05-20 23:58:44.601: [INFO][Sync] Loading: Collection
2026-05-20 23:58:44.601: [INFO][Sync] Loading: Edge E Drop
2026-05-20 23:58:44.601: [INFO][Sync] Loading: Edge Hub App Usage
2026-05-20 23:58:44.601: [INFO][Sync] Loading: Edge Wallet
2026-05-20 23:58:44.601: [INFO][Sync] Loading: Edge Workspace
2026-05-20 23:58:44.606: [INFO][Sync] All data types are ready for configure.
2026-05-20 23:58:44.949: [INFO][Sync] Started DataTypeManager configuration, reason: 5
2026-05-20 23:58:44.949: [INFO][Sync] Configuring for: Bookmarks, Preferences, Passwords, Autofill Profiles, Autofill, Extensions, Sessions, Extension settings, History Delete Directives, Device Info, User Consents, Send Tab To Self, Web Apps, History, Saved Tab Group, WebAuthn Credentials, Collection, Edge E Drop, Edge Hub App Usage, Edge Wallet, Edge Workspace, Encryption Keys, reason: 5, current state: 1
2026-05-20 23:58:44.952: [INFO][SyncEngineBackend::DoStartConfiguration] Start configuration
2026-05-20 23:58:44.952: [INFO][SyncManagerImpl::NudgeForInitialDownload] Initial download nudge for Bookmarks
2026-05-20 23:58:44.952: [INFO][SyncManagerImpl::NudgeForInitialDownload] Initial download nudge for Preferences
2026-05-20 23:58:44.952: [INFO][SyncManagerImpl::NudgeForInitialDownload] Initial download nudge for Extensions
2026-05-20 23:58:44.952: [INFO][SyncManagerImpl::NudgeForInitialDownload] Initial download nudge for Sessions
2026-05-20 23:58:44.952: [INFO][SyncManagerImpl::NudgeForInitialDownload] Initial download nudge for Extension settings
2026-05-20 23:58:44.952: [INFO][SyncManagerImpl::NudgeForInitialDownload] Initial download nudge for History Delete Directives
2026-05-20 23:58:44.952: [INFO][SyncManagerImpl::NudgeForInitialDownload] Initial download nudge for Device Info
2026-05-20 23:58:44.952: [INFO][SyncManagerImpl::NudgeForInitialDownload] Initial download nudge for Send Tab To Self
2026-05-20 23:58:44.952: [INFO][SyncManagerImpl::NudgeForInitialDownload] Initial download nudge for Web Apps
2026-05-20 23:58:44.952: [INFO][SyncManagerImpl::NudgeForInitialDownload] Initial download nudge for History
2026-05-20 23:58:44.952: [INFO][SyncManagerImpl::NudgeForInitialDownload] Initial download nudge for Saved Tab Group
2026-05-20 23:58:44.952: [INFO][SyncManagerImpl::NudgeForInitialDownload] Initial download nudge for WebAuthn Credentials
2026-05-20 23:58:44.952: [INFO][SyncManagerImpl::NudgeForInitialDownload] Initial download nudge for Collection
2026-05-20 23:58:44.952: [INFO][SyncManagerImpl::NudgeForInitialDownload] Initial download nudge for Edge E Drop
2026-05-20 23:58:44.952: [INFO][SyncManagerImpl::NudgeForInitialDownload] Initial download nudge for Edge Hub App Usage
2026-05-20 23:58:44.952: [INFO][SyncManagerImpl::NudgeForInitialDownload] Initial download nudge for Edge Wallet
2026-05-20 23:58:44.952: [INFO][SyncManagerImpl::NudgeForInitialDownload] Initial download nudge for Edge Workspace
2026-05-20 23:58:44.952: [INFO][SyncManagerImpl::ConfigureSyncer] Types to download:  with reason: 3
2026-05-20 23:58:44.952: [INFO][SyncEngineBackend::DoFinishConfigureDataTypes] Failed to download types:  and succeeded types: 
2026-05-20 23:58:44.952: [INFO][Sync] ConfigurationDone, failed: , succeeded: , remaining count: 4
2026-05-20 23:58:44.952: [WARN][Sync]     Reconfigure requested while configuration ongoing.
2026-05-20 23:58:44.952: [INFO][Sync] Configuring for: Bookmarks, Preferences, Passwords, Autofill Profiles, Autofill, Extensions, Sessions, Extension settings, History Delete Directives, Device Info, User Consents, Send Tab To Self, Web Apps, History, Saved Tab Group, WebAuthn Credentials, Collection, Edge E Drop, Edge Hub App Usage, Edge Wallet, Edge Workspace, Encryption Keys, reason: 5, current state: 2
2026-05-20 23:58:44.952: [INFO][Sync] Configure, desired: Bookmarks, Preferences, Passwords, Autofill Profiles, Autofill, Extensions, Sessions, Extension settings, History Delete Directives, Device Info, User Consents, Send Tab To Self, Web Apps, History, Saved Tab Group, WebAuthn Credentials, Collection, Edge E Drop, Edge Hub App Usage, Edge Wallet, Edge Workspace, Encryption Keys; Allow fail: 
2026-05-20 23:58:44.952: [INFO][Sync] Loading: Passwords
2026-05-20 23:58:44.952: [INFO][Sync] Loading: Autofill Profiles
2026-05-20 23:58:44.952: [INFO][Sync] Loading: Autofill
2026-05-20 23:58:44.952: [INFO][Sync] All data types are ready for configure.
2026-05-20 23:58:44.953: [INFO][SyncManagerImpl::NudgeForInitialDownload] Initial download nudge for Passwords
2026-05-20 23:58:44.953: [INFO][SyncManagerImpl::NudgeForInitialDownload] Initial download nudge for Autofill Profiles
2026-05-20 23:58:44.953: [INFO][SyncManagerImpl::NudgeForInitialDownload] Initial download nudge for Autofill
2026-05-20 23:58:44.953: [INFO][SyncManagerImpl::ConfigureSyncer] Types to download:  with reason: 5
2026-05-20 23:58:44.953: [INFO][SyncEngineBackend::DoFinishConfigureDataTypes] Failed to download types:  and succeeded types: 
2026-05-20 23:58:44.953: [INFO][Sync] ConfigurationDone, failed: , succeeded: , remaining count: 4
2026-05-20 23:58:44.953: [INFO][Sync] Prepare to configure types: Preferences, Passwords, Device Info, Send Tab To Self, Edge E Drop, Encryption Keys
2026-05-20 23:58:44.953: [INFO][SyncManagerImpl::ConfigureSyncer] Types to download: Preferences, Passwords, Device Info, Send Tab To Self, Edge E Drop, Encryption Keys with reason: 5
2026-05-20 23:58:44.953: [INFO][SyncSchedulerImpl::DoConfigurationSyncCycleJob] Blocked types:  and types to download: Preferences, Passwords, Device Info, Send Tab To Self, Edge E Drop, Encryption Keys
2026-05-20 23:58:45.327: [INFO][SyncEngineBackend::DoFinishConfigureDataTypes] Failed to download types:  and succeeded types: Preferences, Passwords, Device Info, Send Tab To Self, Edge E Drop, Encryption Keys
2026-05-20 23:58:45.330: [INFO][Sync] ConfigurationDone, failed: , succeeded: Preferences, Passwords, Device Info, Send Tab To Self, Edge E Drop, Encryption Keys, remaining count: 3
2026-05-20 23:58:45.330: [INFO][Sync] Prepare to configure types: Bookmarks, Encryption Keys
2026-05-20 23:58:45.330: [INFO][SyncManagerImpl::ConfigureSyncer] Types to download: Bookmarks, Encryption Keys with reason: 5
2026-05-20 23:58:45.330: [INFO][SyncSchedulerImpl::DoConfigurationSyncCycleJob] Blocked types:  and types to download: Bookmarks, Encryption Keys
2026-05-20 23:58:45.635: [INFO][SyncEngineBackend::DoFinishConfigureDataTypes] Failed to download types:  and succeeded types: Bookmarks, Encryption Keys
2026-05-20 23:58:45.651: [INFO][Sync] ConfigurationDone, failed: , succeeded: Bookmarks, Encryption Keys, remaining count: 2
2026-05-20 23:58:45.651: [INFO][Sync] Prepare to configure types: Autofill Profiles, Autofill, Extensions, Sessions, Extension settings, History Delete Directives, Web Apps, Saved Tab Group, WebAuthn Credentials, Collection, Edge Hub App Usage, Edge Wallet, Edge Workspace, Encryption Keys
2026-05-20 23:58:45.651: [INFO][SyncManagerImpl::ConfigureSyncer] Types to download: Autofill Profiles, Autofill, Extensions, Sessions, Extension settings, History Delete Directives, Web Apps, Saved Tab Group, WebAuthn Credentials, Collection, Edge Hub App Usage, Edge Wallet, Edge Workspace, Encryption Keys with reason: 5
2026-05-20 23:58:45.651: [INFO][SyncSchedulerImpl::DoConfigurationSyncCycleJob] Blocked types:  and types to download: Autofill Profiles, Autofill, Extensions, Sessions, Extension settings, History Delete Directives, Web Apps, Saved Tab Group, WebAuthn Credentials, Collection, Edge Hub App Usage, Edge Wallet, Edge Workspace, Encryption Keys
2026-05-20 23:58:50.934: [INFO][SyncEngineBackend::DoFinishConfigureDataTypes] Failed to download types:  and succeeded types: Autofill Profiles, Autofill, Extensions, Sessions, Extension settings, History Delete Directives, Web Apps, Saved Tab Group, WebAuthn Credentials, Collection, Edge Hub App Usage, Edge Wallet, Edge Workspace, Encryption Keys
2026-05-20 23:58:50.936: [INFO][Sync] ConfigurationDone, failed: , succeeded: Autofill Profiles, Autofill, Extensions, Sessions, Extension settings, History Delete Directives, Web Apps, Saved Tab Group, WebAuthn Credentials, Collection, Edge Hub App Usage, Edge Wallet, Edge Workspace, Encryption Keys, remaining count: 1
2026-05-20 23:58:50.937: [INFO][Sync] Prepare to configure types: History, Encryption Keys
2026-05-20 23:58:50.937: [INFO][SyncManagerImpl::ConfigureSyncer] Types to download: History, Encryption Keys with reason: 5
2026-05-20 23:58:50.937: [INFO][SyncSchedulerImpl::DoConfigurationSyncCycleJob] Blocked types:  and types to download: History, Encryption Keys
2026-05-20 23:59:12.425: [INFO][SyncEngineBackend::DoFinishConfigureDataTypes] Failed to download types:  and succeeded types: History, Encryption Keys
2026-05-20 23:59:12.428: [INFO][Sync] ConfigurationDone, failed: , succeeded: History, Encryption Keys, remaining count: 0
2026-05-20 23:59:12.430: [INFO][Sync]     Configuration completed, state: 7
2026-05-20 23:59:12.431: [INFO][Sync] Configured DataTypeManager: Ok
2026-05-20 23:59:12.434: [INFO][SyncEngineBackend::DoStartSyncing] Start syncing
2026-05-21 00:00:16.592: [INFO][Sync] Reset engine, reason: 0
2026-05-21 00:00:16.592: [INFO][Sync] Reset engine with reason: 0
2026-05-21 00:01:21.999: [INFO][Sync] SyncState after authenticated was: FeatureCanStart
2026-05-21 00:01:22.426: [INFO][SyncAuthManager::SetLastAuthError] Current auth error: None
2026-05-21 00:01:22.426: [INFO][SyncAuthManager::EdgeLogTokenErrorState] Token error with: None for account type: MSA
2026-05-21 00:01:22.426: [INFO][Sync] Credentials changed for: EdgeSyncKeyDataScope
2026-05-21 00:01:29.162: [INFO][Sync] Try to start sync engine
2026-05-21 00:01:29.163: [INFO][SyncManagerImpl::NudgeForInitialDownload] Initial download nudge for Encryption Keys
2026-05-21 00:01:29.163: [INFO][SyncEngineBackend::LoadAndConnectNigoriController] Load and connect Nigori controller
2026-05-21 00:01:29.163: [INFO][SyncEngineBackend::DoInitialize] Control Types added: Encryption Keys
2026-05-21 00:01:29.163: [INFO][SyncManagerImpl::ConfigureSyncer] Types to download: Encryption Keys with reason: 3
2026-05-21 00:01:29.163: [INFO][SyncEngineBackend::DoUpdateKeyDataCredentials] Update key data credentials
2026-05-21 00:01:29.163: [INFO][SyncSchedulerImpl::DoConfigurationSyncCycleJob] Configure job was blocked
2026-05-21 00:01:29.171: [INFO][SyncAuthManager::SetLastAuthError] Current auth error: None
2026-05-21 00:01:29.171: [INFO][SyncAuthManager::EdgeLogTokenErrorState] Token error with: None for account type: MSA
2026-05-21 00:01:29.171: [INFO][Sync] Credentials changed for: EdgeSyncScopeNew
2026-05-21 00:01:29.171: [INFO][SyncEngineBackend::DoUpdateCredentials] Update credentials
2026-05-21 00:01:29.171: [INFO][SyncSchedulerImpl::DoConfigurationSyncCycleJob] Blocked types:  and types to download: Encryption Keys
2026-05-21 00:01:29.545: [INFO][SyncEngineBackend::DoUpdateKeyDataCredentials] Update key data credentials
2026-05-21 00:01:29.553: [INFO][Sync] Started DataTypeManager configuration, reason: 4
2026-05-21 00:01:29.553: [INFO][Sync] Configuring for: Bookmarks, Preferences, Passwords, Autofill Profiles, Autofill, Extensions, Sessions, Extension settings, History Delete Directives, Device Info, User Consents, Send Tab To Self, Web Apps, History, Saved Tab Group, WebAuthn Credentials, Collection, Edge E Drop, Edge Hub App Usage, Edge Wallet, Edge Workspace, Encryption Keys, reason: 4, current state: 0
2026-05-21 00:01:29.553: [WARN][Sync] Crypto error data types: Passwords, Autofill Profiles, Autofill
2026-05-21 00:01:29.556: [INFO][Sync] Configure, desired: Bookmarks, Preferences, Extensions, Sessions, Extension settings, History Delete Directives, Device Info, User Consents, Send Tab To Self, Web Apps, History, Saved Tab Group, WebAuthn Credentials, Collection, Edge E Drop, Edge Hub App Usage, Edge Wallet, Edge Workspace, Encryption Keys; Allow fail: Passwords, Autofill Profiles, Autofill
2026-05-21 00:01:29.556: [INFO][Sync] Loading: Bookmarks
2026-05-21 00:01:29.556: [INFO][Sync] Loading: Preferences
2026-05-21 00:01:29.556: [INFO][Sync] Loading: Extensions
2026-05-21 00:01:29.556: [INFO][Sync] Loading: Sessions
2026-05-21 00:01:29.556: [INFO][Sync] Loading: Extension settings
2026-05-21 00:01:29.556: [INFO][Sync] Loading: History Delete Directives
2026-05-21 00:01:29.556: [INFO][Sync] Loading: Device Info
2026-05-21 00:01:29.556: [INFO][Sync] Loading: User Consents
2026-05-21 00:01:29.556: [INFO][Sync] Loading: Send Tab To Self
2026-05-21 00:01:29.556: [INFO][Sync] Loading: Web Apps
2026-05-21 00:01:29.556: [INFO][Sync] Loading: History
2026-05-21 00:01:29.556: [INFO][Sync] Loading: Saved Tab Group
2026-05-21 00:01:29.556: [INFO][Sync] Loading: WebAuthn Credentials
2026-05-21 00:01:29.556: [INFO][Sync] Loading: Collection
2026-05-21 00:01:29.556: [INFO][Sync] Loading: Edge E Drop
2026-05-21 00:01:29.556: [INFO][Sync] Loading: Edge Hub App Usage
2026-05-21 00:01:29.556: [INFO][Sync] Loading: Edge Wallet
2026-05-21 00:01:29.556: [INFO][Sync] Loading: Edge Workspace
2026-05-21 00:01:29.563: [INFO][Sync] All data types are ready for configure.
2026-05-21 00:01:29.953: [INFO][Sync] Started DataTypeManager configuration, reason: 5
2026-05-21 00:01:29.953: [INFO][Sync] Configuring for: Bookmarks, Preferences, Passwords, Autofill Profiles, Autofill, Extensions, Sessions, Extension settings, History Delete Directives, Device Info, User Consents, Send Tab To Self, Web Apps, History, Saved Tab Group, WebAuthn Credentials, Collection, Edge E Drop, Edge Hub App Usage, Edge Wallet, Edge Workspace, Encryption Keys, reason: 5, current state: 1
2026-05-21 00:01:29.956: [INFO][SyncEngineBackend::DoStartConfiguration] Start configuration
2026-05-21 00:01:29.956: [INFO][SyncManagerImpl::ConfigureSyncer] Types to download:  with reason: 4
2026-05-21 00:01:29.956: [INFO][SyncEngineBackend::DoFinishConfigureDataTypes] Failed to download types:  and succeeded types: 
2026-05-21 00:01:29.957: [INFO][Sync] ConfigurationDone, failed: , succeeded: , remaining count: 4
2026-05-21 00:01:29.957: [WARN][Sync]     Reconfigure requested while configuration ongoing.
2026-05-21 00:01:29.957: [INFO][Sync] Configuring for: Bookmarks, Preferences, Passwords, Autofill Profiles, Autofill, Extensions, Sessions, Extension settings, History Delete Directives, Device Info, User Consents, Send Tab To Self, Web Apps, History, Saved Tab Group, WebAuthn Credentials, Collection, Edge E Drop, Edge Hub App Usage, Edge Wallet, Edge Workspace, Encryption Keys, reason: 5, current state: 2
2026-05-21 00:01:29.957: [INFO][Sync] Configure, desired: Bookmarks, Preferences, Passwords, Autofill Profiles, Autofill, Extensions, Sessions, Extension settings, History Delete Directives, Device Info, User Consents, Send Tab To Self, Web Apps, History, Saved Tab Group, WebAuthn Credentials, Collection, Edge E Drop, Edge Hub App Usage, Edge Wallet, Edge Workspace, Encryption Keys; Allow fail: 
2026-05-21 00:01:29.957: [INFO][Sync] Loading: Passwords
2026-05-21 00:01:29.957: [INFO][Sync] Loading: Autofill Profiles
2026-05-21 00:01:29.957: [INFO][Sync] Loading: Autofill
2026-05-21 00:01:29.957: [INFO][Sync] All data types are ready for configure.
2026-05-21 00:01:29.957: [INFO][SyncManagerImpl::NudgeForInitialDownload] Initial download nudge for Passwords
2026-05-21 00:01:29.957: [INFO][SyncManagerImpl::ConfigureSyncer] Types to download:  with reason: 5
2026-05-21 00:01:29.957: [INFO][SyncEngineBackend::DoFinishConfigureDataTypes] Failed to download types:  and succeeded types: 
2026-05-21 00:01:29.957: [INFO][Sync] ConfigurationDone, failed: , succeeded: , remaining count: 4
2026-05-21 00:01:29.957: [INFO][Sync] Prepare to configure types: Passwords, Encryption Keys
2026-05-21 00:01:29.957: [INFO][SyncManagerImpl::ConfigureSyncer] Types to download: Passwords, Encryption Keys with reason: 5
2026-05-21 00:01:29.957: [INFO][SyncSchedulerImpl::DoConfigurationSyncCycleJob] Blocked types:  and types to download: Passwords, Encryption Keys
2026-05-21 00:01:30.169: [INFO][SyncEngineBackend::DoFinishConfigureDataTypes] Failed to download types:  and succeeded types: Passwords, Encryption Keys
2026-05-21 00:01:30.172: [INFO][Sync] ConfigurationDone, failed: , succeeded: Passwords, Encryption Keys, remaining count: 3
2026-05-21 00:01:30.172: [INFO][SyncManagerImpl::ConfigureSyncer] Types to download:  with reason: 5
2026-05-21 00:01:30.172: [INFO][SyncEngineBackend::DoFinishConfigureDataTypes] Failed to download types:  and succeeded types: 
2026-05-21 00:01:30.172: [INFO][Sync] ConfigurationDone, failed: , succeeded: , remaining count: 2
2026-05-21 00:01:30.172: [INFO][SyncManagerImpl::ConfigureSyncer] Types to download:  with reason: 5
2026-05-21 00:01:30.172: [INFO][SyncEngineBackend::DoFinishConfigureDataTypes] Failed to download types:  and succeeded types: 
2026-05-21 00:01:30.172: [INFO][Sync] ConfigurationDone, failed: , succeeded: , remaining count: 1
2026-05-21 00:01:30.175: [INFO][SyncManagerImpl::ConfigureSyncer] Types to download:  with reason: 5
2026-05-21 00:01:30.175: [INFO][SyncEngineBackend::DoFinishConfigureDataTypes] Failed to download types:  and succeeded types: 
2026-05-21 00:01:30.178: [INFO][Sync] ConfigurationDone, failed: , succeeded: , remaining count: 0
2026-05-21 00:01:30.181: [INFO][Sync]     Configuration completed, state: 7
2026-05-21 00:01:30.181: [INFO][Sync] Configured DataTypeManager: Ok
2026-05-21 00:01:30.185: [INFO][SyncEngineBackend::DoStartSyncing] Start syncing
2026-05-21 00:02:04.620: [INFO][Sync] Reset engine, reason: 0
2026-05-21 00:02:04.620: [INFO][Sync] Reset engine with reason: 0
